Component: Arm Compiler for Embedded 6.21 Tool: armlink [5ec1fa00]

==============================================================================

Section Cross References

    main.o(.ARM.exidx.text.adc_enable_vreg) refers to main.o(.text.adc_enable_vreg) for [Anonymous Symbol]
    main.o(.text.adc_init) refers to main.o(.text.adc_enable_vreg) for adc_enable_vreg
    main.o(.ARM.exidx.text.adc_init) refers to main.o(.text.adc_init) for [Anonymous Symbol]
    main.o(.ARM.exidx.text.adc_read) refers to main.o(.text.adc_read) for [Anonymous Symbol]
    main.o(.text.adc_read_filtered) refers to main.o(.text.adc_read) for adc_read
    main.o(.ARM.exidx.text.adc_read_filtered) refers to main.o(.text.adc_read_filtered) for [Anonymous Symbol]
    main.o(.text.adc_read_Sx) refers to main.o(.text.adc_read_filtered) for adc_read_filtered
    main.o(.ARM.exidx.text.adc_read_Sx) refers to main.o(.text.adc_read_Sx) for [Anonymous Symbol]
    main.o(.text.i2c_init) refers to main.o(.bss.I2C) for I2C
    main.o(.ARM.exidx.text.i2c_init) refers to main.o(.text.i2c_init) for [Anonymous Symbol]
    main.o(.text.i2c_get_error_code) refers to main.o(.bss.I2C) for I2C
    main.o(.ARM.exidx.text.i2c_get_error_code) refers to main.o(.text.i2c_get_error_code) for [Anonymous Symbol]
    main.o(.text.i2c_set_slave_addr) refers to main.o(.bss.I2C) for I2C
    main.o(.ARM.exidx.text.i2c_set_slave_addr) refers to main.o(.text.i2c_set_slave_addr) for [Anonymous Symbol]
    main.o(.ARM.exidx.text.i2c_set_nbytes) refers to main.o(.text.i2c_set_nbytes) for [Anonymous Symbol]
    main.o(.ARM.exidx.text.i2c_nack_flag) refers to main.o(.text.i2c_nack_flag) for [Anonymous Symbol]
    main.o(.ARM.exidx.text.i2c_cmd_write) refers to main.o(.text.i2c_cmd_write) for [Anonymous Symbol]
    main.o(.ARM.exidx.text.i2c_cmd_read) refers to main.o(.text.i2c_cmd_read) for [Anonymous Symbol]
    main.o(.ARM.exidx.text.i2c_send_nack) refers to main.o(.text.i2c_send_nack) for [Anonymous Symbol]
    main.o(.ARM.exidx.text.i2c_send_ack) refers to main.o(.text.i2c_send_ack) for [Anonymous Symbol]
    main.o(.text.i2c_start) refers to main.o(.bss.I2C) for I2C
    main.o(.ARM.exidx.text.i2c_start) refers to main.o(.text.i2c_start) for [Anonymous Symbol]
    main.o(.ARM.exidx.text.i2c_stop) refers to main.o(.text.i2c_stop) for [Anonymous Symbol]
    main.o(.ARM.exidx.text.i2c_clear_nackf) refers to main.o(.text.i2c_clear_nackf) for [Anonymous Symbol]
    main.o(.ARM.exidx.text.i2c_clear_stopf) refers to main.o(.text.i2c_clear_stopf) for [Anonymous Symbol]
    main.o(.text.i2c_get_slave_addr) refers to main.o(.text.i2c_set_slave_addr) for i2c_set_slave_addr
    main.o(.text.i2c_get_slave_addr) refers to main.o(.text.i2c_start) for i2c_start
    main.o(.text.i2c_get_slave_addr) refers to main.o(.text.i2c_nack_flag) for i2c_nack_flag
    main.o(.text.i2c_get_slave_addr) refers to main.o(.text.i2c_clear_nackf) for i2c_clear_nackf
    main.o(.text.i2c_get_slave_addr) refers to main.o(.text.i2c_stop) for i2c_stop
    main.o(.text.i2c_get_slave_addr) refers to main.o(.bss.I2C) for I2C
    main.o(.ARM.exidx.text.i2c_get_slave_addr) refers to main.o(.text.i2c_get_slave_addr) for [Anonymous Symbol]
    main.o(.text.i2c_read) refers to main.o(.text.i2c_set_nbytes) for i2c_set_nbytes
    main.o(.text.i2c_read) refers to main.o(.text.i2c_cmd_write) for i2c_cmd_write
    main.o(.text.i2c_read) refers to main.o(.text.i2c_start) for i2c_start
    main.o(.text.i2c_read) refers to main.o(.text.i2c_nack_flag) for i2c_nack_flag
    main.o(.text.i2c_read) refers to main.o(.text.i2c_stop) for i2c_stop
    main.o(.text.i2c_read) refers to main.o(.text.i2c_cmd_read) for i2c_cmd_read
    main.o(.text.i2c_read) refers to main.o(.bss.I2C) for I2C
    main.o(.ARM.exidx.text.i2c_read) refers to main.o(.text.i2c_read) for [Anonymous Symbol]
    main.o(.text.i2c_write) refers to main.o(.text.i2c_set_nbytes) for i2c_set_nbytes
    main.o(.text.i2c_write) refers to main.o(.text.i2c_cmd_write) for i2c_cmd_write
    main.o(.text.i2c_write) refers to main.o(.text.i2c_start) for i2c_start
    main.o(.text.i2c_write) refers to main.o(.text.i2c_stop) for i2c_stop
    main.o(.ARM.exidx.text.i2c_write) refers to main.o(.text.i2c_write) for [Anonymous Symbol]
    main.o(.ARM.exidx.text.emitter_high) refers to main.o(.text.emitter_high) for [Anonymous Symbol]
    main.o(.text.main) refers to serial.o(.text.uart_Init) for uart_Init
    main.o(.text.main) refers to serial.o(.text.uart_send_char) for uart_send_char
    main.o(.text.main) refers to soft_i2c.o(.text.SoftI2C_Init) for SoftI2C_Init
    main.o(.text.main) refers to soft_i2c.o(.text.SoftI2C_Write_Register) for SoftI2C_Write_Register
    main.o(.text.main) refers to soft_i2c.o(.text.SoftI2C_Start) for SoftI2C_Start
    main.o(.text.main) refers to soft_i2c.o(.text.SoftI2C_Send_Byte) for SoftI2C_Send_Byte
    main.o(.text.main) refers to soft_i2c.o(.text.SoftI2C_Stop) for SoftI2C_Stop
    main.o(.text.main) refers to serial.o(.text.uart_send_num) for uart_send_num
    main.o(.text.main) refers to main.o(.rodata.str1.1) for [Anonymous Symbol]
    main.o(.ARM.exidx.text.main) refers to main.o(.text.main) for [Anonymous Symbol]
    soft_i2c.o(.text.SoftI2C_Struct_Init) refers to soft_i2c.o(.bss.SoftI2C) for SoftI2C
    soft_i2c.o(.ARM.exidx.text.SoftI2C_Struct_Init) refers to soft_i2c.o(.text.SoftI2C_Struct_Init) for [Anonymous Symbol]
    soft_i2c.o(.text.SoftI2C_GPIO_Init) refers to soft_i2c.o(.text.SoftI2C_SDA_Set_Mode) for SoftI2C_SDA_Set_Mode
    soft_i2c.o(.ARM.exidx.text.SoftI2C_GPIO_Init) refers to soft_i2c.o(.text.SoftI2C_GPIO_Init) for [Anonymous Symbol]
    soft_i2c.o(.text.SoftI2C_SDA_Set_Mode) refers to soft_i2c.o(.bss.SoftI2C) for SoftI2C
    soft_i2c.o(.ARM.exidx.text.SoftI2C_SDA_Set_Mode) refers to soft_i2c.o(.text.SoftI2C_SDA_Set_Mode) for [Anonymous Symbol]
    soft_i2c.o(.text.SoftI2C_SDA_Get_Mode) refers to soft_i2c.o(.bss.SoftI2C) for SoftI2C
    soft_i2c.o(.ARM.exidx.text.SoftI2C_SDA_Get_Mode) refers to soft_i2c.o(.text.SoftI2C_SDA_Get_Mode) for [Anonymous Symbol]
    soft_i2c.o(.ARM.exidx.text.SoftI2C_SCL_Set_Output_State) refers to soft_i2c.o(.text.SoftI2C_SCL_Set_Output_State) for [Anonymous Symbol]
    soft_i2c.o(.ARM.exidx.text.SoftI2C_SDA_Set_Output_State) refers to soft_i2c.o(.text.SoftI2C_SDA_Set_Output_State) for [Anonymous Symbol]
    soft_i2c.o(.ARM.exidx.text.SoftI2C_SDA_Get_State) refers to soft_i2c.o(.text.SoftI2C_SDA_Get_State) for [Anonymous Symbol]
    soft_i2c.o(.ARM.exidx.text.SoftI2C_Bit_Delay) refers to soft_i2c.o(.text.SoftI2C_Bit_Delay) for [Anonymous Symbol]
    soft_i2c.o(.text.SoftI2C_Start) refers to soft_i2c.o(.text.SoftI2C_SDA_Get_Mode) for SoftI2C_SDA_Get_Mode
    soft_i2c.o(.text.SoftI2C_Start) refers to soft_i2c.o(.text.SoftI2C_SDA_Set_Mode) for SoftI2C_SDA_Set_Mode
    soft_i2c.o(.text.SoftI2C_Start) refers to soft_i2c.o(.text.SoftI2C_SCL_Set_Output_State) for SoftI2C_SCL_Set_Output_State
    soft_i2c.o(.text.SoftI2C_Start) refers to soft_i2c.o(.text.SoftI2C_Bit_Delay) for SoftI2C_Bit_Delay
    soft_i2c.o(.text.SoftI2C_Start) refers to soft_i2c.o(.text.SoftI2C_SDA_Set_Output_State) for SoftI2C_SDA_Set_Output_State
    soft_i2c.o(.ARM.exidx.text.SoftI2C_Start) refers to soft_i2c.o(.text.SoftI2C_Start) for [Anonymous Symbol]
    soft_i2c.o(.text.SoftI2C_Stop) refers to soft_i2c.o(.text.SoftI2C_SDA_Get_Mode) for SoftI2C_SDA_Get_Mode
    soft_i2c.o(.text.SoftI2C_Stop) refers to soft_i2c.o(.text.SoftI2C_SDA_Set_Mode) for SoftI2C_SDA_Set_Mode
    soft_i2c.o(.text.SoftI2C_Stop) refers to soft_i2c.o(.text.SoftI2C_SDA_Set_Output_State) for SoftI2C_SDA_Set_Output_State
    soft_i2c.o(.text.SoftI2C_Stop) refers to soft_i2c.o(.text.SoftI2C_Bit_Delay) for SoftI2C_Bit_Delay
    soft_i2c.o(.text.SoftI2C_Stop) refers to soft_i2c.o(.text.SoftI2C_SCL_Set_Output_State) for SoftI2C_SCL_Set_Output_State
    soft_i2c.o(.ARM.exidx.text.SoftI2C_Stop) refers to soft_i2c.o(.text.SoftI2C_Stop) for [Anonymous Symbol]
    soft_i2c.o(.text.SoftI2C_Get_Ack) refers to soft_i2c.o(.text.SoftI2C_SDA_Get_Mode) for SoftI2C_SDA_Get_Mode
    soft_i2c.o(.text.SoftI2C_Get_Ack) refers to soft_i2c.o(.text.SoftI2C_SDA_Set_Mode) for SoftI2C_SDA_Set_Mode
    soft_i2c.o(.text.SoftI2C_Get_Ack) refers to soft_i2c.o(.text.SoftI2C_Bit_Delay) for SoftI2C_Bit_Delay
    soft_i2c.o(.text.SoftI2C_Get_Ack) refers to soft_i2c.o(.text.SoftI2C_SCL_Set_Output_State) for SoftI2C_SCL_Set_Output_State
    soft_i2c.o(.text.SoftI2C_Get_Ack) refers to soft_i2c.o(.text.SoftI2C_SDA_Get_State) for SoftI2C_SDA_Get_State
    soft_i2c.o(.ARM.exidx.text.SoftI2C_Get_Ack) refers to soft_i2c.o(.text.SoftI2C_Get_Ack) for [Anonymous Symbol]
    soft_i2c.o(.text.SoftI2C_Send_Ack) refers to soft_i2c.o(.text.SoftI2C_SDA_Get_Mode) for SoftI2C_SDA_Get_Mode
    soft_i2c.o(.text.SoftI2C_Send_Ack) refers to soft_i2c.o(.text.SoftI2C_SDA_Set_Mode) for SoftI2C_SDA_Set_Mode
    soft_i2c.o(.text.SoftI2C_Send_Ack) refers to soft_i2c.o(.text.SoftI2C_Bit_Delay) for SoftI2C_Bit_Delay
    soft_i2c.o(.text.SoftI2C_Send_Ack) refers to soft_i2c.o(.text.SoftI2C_SDA_Set_Output_State) for SoftI2C_SDA_Set_Output_State
    soft_i2c.o(.text.SoftI2C_Send_Ack) refers to soft_i2c.o(.text.SoftI2C_SCL_Set_Output_State) for SoftI2C_SCL_Set_Output_State
    soft_i2c.o(.ARM.exidx.text.SoftI2C_Send_Ack) refers to soft_i2c.o(.text.SoftI2C_Send_Ack) for [Anonymous Symbol]
    soft_i2c.o(.text.SoftI2C_Send_Nack) refers to soft_i2c.o(.text.SoftI2C_SDA_Get_Mode) for SoftI2C_SDA_Get_Mode
    soft_i2c.o(.text.SoftI2C_Send_Nack) refers to soft_i2c.o(.text.SoftI2C_SDA_Set_Mode) for SoftI2C_SDA_Set_Mode
    soft_i2c.o(.text.SoftI2C_Send_Nack) refers to soft_i2c.o(.text.SoftI2C_Bit_Delay) for SoftI2C_Bit_Delay
    soft_i2c.o(.text.SoftI2C_Send_Nack) refers to soft_i2c.o(.text.SoftI2C_SDA_Set_Output_State) for SoftI2C_SDA_Set_Output_State
    soft_i2c.o(.text.SoftI2C_Send_Nack) refers to soft_i2c.o(.text.SoftI2C_SCL_Set_Output_State) for SoftI2C_SCL_Set_Output_State
    soft_i2c.o(.ARM.exidx.text.SoftI2C_Send_Nack) refers to soft_i2c.o(.text.SoftI2C_Send_Nack) for [Anonymous Symbol]
    soft_i2c.o(.text.SoftI2C_Send_Raw_Bit) refers to soft_i2c.o(.text.SoftI2C_SDA_Get_Mode) for SoftI2C_SDA_Get_Mode
    soft_i2c.o(.text.SoftI2C_Send_Raw_Bit) refers to soft_i2c.o(.text.SoftI2C_SDA_Set_Mode) for SoftI2C_SDA_Set_Mode
    soft_i2c.o(.text.SoftI2C_Send_Raw_Bit) refers to soft_i2c.o(.text.SoftI2C_SDA_Set_Output_State) for SoftI2C_SDA_Set_Output_State
    soft_i2c.o(.text.SoftI2C_Send_Raw_Bit) refers to soft_i2c.o(.text.SoftI2C_Bit_Delay) for SoftI2C_Bit_Delay
    soft_i2c.o(.text.SoftI2C_Send_Raw_Bit) refers to soft_i2c.o(.text.SoftI2C_SCL_Set_Output_State) for SoftI2C_SCL_Set_Output_State
    soft_i2c.o(.ARM.exidx.text.SoftI2C_Send_Raw_Bit) refers to soft_i2c.o(.text.SoftI2C_Send_Raw_Bit) for [Anonymous Symbol]
    soft_i2c.o(.text.SoftI2C_Send_Raw_Byte) refers to soft_i2c.o(.text.SoftI2C_SDA_Get_Mode) for SoftI2C_SDA_Get_Mode
    soft_i2c.o(.text.SoftI2C_Send_Raw_Byte) refers to soft_i2c.o(.text.SoftI2C_SDA_Set_Mode) for SoftI2C_SDA_Set_Mode
    soft_i2c.o(.text.SoftI2C_Send_Raw_Byte) refers to soft_i2c.o(.text.SoftI2C_Send_Raw_Bit) for SoftI2C_Send_Raw_Bit
    soft_i2c.o(.ARM.exidx.text.SoftI2C_Send_Raw_Byte) refers to soft_i2c.o(.text.SoftI2C_Send_Raw_Byte) for [Anonymous Symbol]
    soft_i2c.o(.text.SoftI2C_Send_Byte) refers to soft_i2c.o(.text.SoftI2C_Send_Raw_Byte) for SoftI2C_Send_Raw_Byte
    soft_i2c.o(.text.SoftI2C_Send_Byte) refers to soft_i2c.o(.text.SoftI2C_Get_Ack) for SoftI2C_Get_Ack
    soft_i2c.o(.ARM.exidx.text.SoftI2C_Send_Byte) refers to soft_i2c.o(.text.SoftI2C_Send_Byte) for [Anonymous Symbol]
    soft_i2c.o(.text.SoftI2C_Receive_Raw_Byte) refers to soft_i2c.o(.text.SoftI2C_SDA_Get_Mode) for SoftI2C_SDA_Get_Mode
    soft_i2c.o(.text.SoftI2C_Receive_Raw_Byte) refers to soft_i2c.o(.text.SoftI2C_SDA_Set_Mode) for SoftI2C_SDA_Set_Mode
    soft_i2c.o(.text.SoftI2C_Receive_Raw_Byte) refers to soft_i2c.o(.text.SoftI2C_Bit_Delay) for SoftI2C_Bit_Delay
    soft_i2c.o(.text.SoftI2C_Receive_Raw_Byte) refers to soft_i2c.o(.text.SoftI2C_SCL_Set_Output_State) for SoftI2C_SCL_Set_Output_State
    soft_i2c.o(.text.SoftI2C_Receive_Raw_Byte) refers to soft_i2c.o(.text.SoftI2C_SDA_Get_State) for SoftI2C_SDA_Get_State
    soft_i2c.o(.ARM.exidx.text.SoftI2C_Receive_Raw_Byte) refers to soft_i2c.o(.text.SoftI2C_Receive_Raw_Byte) for [Anonymous Symbol]
    soft_i2c.o(.text.SoftI2C_Read_Register) refers to soft_i2c.o(.text.SoftI2C_Start) for SoftI2C_Start
    soft_i2c.o(.text.SoftI2C_Read_Register) refers to soft_i2c.o(.text.SoftI2C_Send_Byte) for SoftI2C_Send_Byte
    soft_i2c.o(.text.SoftI2C_Read_Register) refers to soft_i2c.o(.text.SoftI2C_Stop) for SoftI2C_Stop
    soft_i2c.o(.text.SoftI2C_Read_Register) refers to soft_i2c.o(.text.SoftI2C_Receive_Raw_Byte) for SoftI2C_Receive_Raw_Byte
    soft_i2c.o(.text.SoftI2C_Read_Register) refers to soft_i2c.o(.text.SoftI2C_Send_Nack) for SoftI2C_Send_Nack
    soft_i2c.o(.text.SoftI2C_Read_Register) refers to soft_i2c.o(.bss.SoftI2C) for SoftI2C
    soft_i2c.o(.ARM.exidx.text.SoftI2C_Read_Register) refers to soft_i2c.o(.text.SoftI2C_Read_Register) for [Anonymous Symbol]
    soft_i2c.o(.text.SoftI2C_Write_Register) refers to soft_i2c.o(.text.SoftI2C_Start) for SoftI2C_Start
    soft_i2c.o(.text.SoftI2C_Write_Register) refers to soft_i2c.o(.text.SoftI2C_Send_Byte) for SoftI2C_Send_Byte
    soft_i2c.o(.text.SoftI2C_Write_Register) refers to soft_i2c.o(.text.SoftI2C_Stop) for SoftI2C_Stop
    soft_i2c.o(.text.SoftI2C_Write_Register) refers to soft_i2c.o(.bss.SoftI2C) for SoftI2C
    soft_i2c.o(.ARM.exidx.text.SoftI2C_Write_Register) refers to soft_i2c.o(.text.SoftI2C_Write_Register) for [Anonymous Symbol]
    soft_i2c.o(.text.SoftI2C_Get_Slave_Address) refers to soft_i2c.o(.text.SoftI2C_Start) for SoftI2C_Start
    soft_i2c.o(.text.SoftI2C_Get_Slave_Address) refers to soft_i2c.o(.text.SoftI2C_Send_Byte) for SoftI2C_Send_Byte
    soft_i2c.o(.text.SoftI2C_Get_Slave_Address) refers to soft_i2c.o(.bss.SoftI2C) for SoftI2C
    soft_i2c.o(.ARM.exidx.text.SoftI2C_Get_Slave_Address) refers to soft_i2c.o(.text.SoftI2C_Get_Slave_Address) for [Anonymous Symbol]
    soft_i2c.o(.text.SoftI2C_Init) refers to soft_i2c.o(.text.SoftI2C_Struct_Init) for SoftI2C_Struct_Init
    soft_i2c.o(.text.SoftI2C_Init) refers to soft_i2c.o(.text.SoftI2C_GPIO_Init) for SoftI2C_GPIO_Init
    soft_i2c.o(.text.SoftI2C_Init) refers to soft_i2c.o(.text.SoftI2C_Get_Slave_Address) for SoftI2C_Get_Slave_Address
    soft_i2c.o(.ARM.exidx.text.SoftI2C_Init) refers to soft_i2c.o(.text.SoftI2C_Init) for [Anonymous Symbol]
    serial.o(.text.uart_Init) refers to aeabi_sdiv.o(.text) for __aeabi_uidiv
    serial.o(.ARM.exidx.text.uart_Init) refers to serial.o(.text.uart_Init) for [Anonymous Symbol]
    serial.o(.ARM.exidx.text.uart_char) refers to serial.o(.text.uart_char) for [Anonymous Symbol]
    serial.o(.text.uart_send_char) refers to serial.o(.text.uart_char) for uart_char
    serial.o(.ARM.exidx.text.uart_send_char) refers to serial.o(.text.uart_send_char) for [Anonymous Symbol]
    serial.o(.text.uart_send_num) refers to serial.o(.text.uart_char) for uart_char
    serial.o(.text.uart_send_num) refers to aeabi_sdiv.o(.text) for __aeabi_idiv
    serial.o(.text.uart_send_num) refers to serial.o(.text.uart_send_char) for uart_send_char
    serial.o(.ARM.exidx.text.uart_send_num) refers to serial.o(.text.uart_send_num) for [Anonymous Symbol]
    serial.o(.text.uart_send_num_arr) refers to serial.o(.text.uart_send_num) for uart_send_num
    serial.o(.text.uart_send_num_arr) refers to serial.o(.text.uart_send_char) for uart_send_char
    serial.o(.text.uart_send_num_arr) refers to serial.o(.rodata.str1.1) for [Anonymous Symbol]
    serial.o(.ARM.exidx.text.uart_send_num_arr) refers to serial.o(.text.uart_send_num_arr) for [Anonymous Symbol]
    serial.o(.ARM.exidx.text.uart_flush) refers to serial.o(.text.uart_flush) for [Anonymous Symbol]
    serial.o(.text.uart_send_num_bin) refers to serial.o(.text.uart_send_num) for uart_send_num
    serial.o(.ARM.exidx.text.uart_send_num_bin) refers to serial.o(.text.uart_send_num_bin) for [Anonymous Symbol]
    serial.o(.text.uart_send_num_float) refers to fmul.o(x$fpl$fmul) for __aeabi_fmul
    serial.o(.text.uart_send_num_float) refers to ffixi.o(.text) for __aeabi_f2iz
    serial.o(.text.uart_send_num_float) refers to serial.o(.text.uart_char) for uart_char
    serial.o(.text.uart_send_num_float) refers to aeabi_sdiv.o(.text) for __aeabi_idiv
    serial.o(.text.uart_send_num_float) refers to llsdiv.o(.text) for __aeabi_ldivmod
    serial.o(.ARM.exidx.text.uart_send_num_float) refers to serial.o(.text.uart_send_num_float) for [Anonymous Symbol]
    startup_stm32g030xx.o(STACK) refers (Special) to heapauxi.o(.text) for __use_two_region_memory
    startup_stm32g030xx.o(HEAP) refers (Special) to heapauxi.o(.text) for __use_two_region_memory
    startup_stm32g030xx.o(RESET) refers (Special) to heapauxi.o(.text) for __use_two_region_memory
    startup_stm32g030xx.o(RESET) refers to startup_stm32g030xx.o(STACK) for __initial_sp
    startup_stm32g030xx.o(RESET) refers to startup_stm32g030xx.o(.text) for Reset_Handler
    startup_stm32g030xx.o(.text) refers (Special) to heapauxi.o(.text) for __use_two_region_memory
    startup_stm32g030xx.o(.text) refers to system_stm32g0xx.o(.text.SystemInit) for SystemInit
    startup_stm32g030xx.o(.text) refers to __main.o(!!!main) for __main
    startup_stm32g030xx.o(.text) refers to startup_stm32g030xx.o(HEAP) for Heap_Mem
    startup_stm32g030xx.o(.text) refers to startup_stm32g030xx.o(STACK) for Stack_Mem
    system_stm32g0xx.o(.ARM.exidx.text.SystemInit) refers to system_stm32g0xx.o(.text.SystemInit) for [Anonymous Symbol]
    system_stm32g0xx.o(.text.SystemCoreClockUpdate) refers to aeabi_sdiv.o(.text) for __aeabi_uidiv
    system_stm32g0xx.o(.text.SystemCoreClockUpdate) refers to system_stm32g0xx.o(.data.SystemCoreClock) for SystemCoreClock
    system_stm32g0xx.o(.text.SystemCoreClockUpdate) refers to system_stm32g0xx.o(.rodata.AHBPrescTable) for AHBPrescTable
    system_stm32g0xx.o(.ARM.exidx.text.SystemCoreClockUpdate) refers to system_stm32g0xx.o(.text.SystemCoreClockUpdate) for [Anonymous Symbol]
    llsdiv.o(.text) refers to lludiv.o(.text) for __aeabi_uldivmod
    __main.o(!!!main) refers to __rtentry.o(.ARM.Collect$$rtentry$$00000000) for __rt_entry
    ffixi.o(.text) refers (Special) to usenofp.o(x$fpl$usenofp) for __I$use$fp
    fmul.o(x$fpl$fmul) refers (Special) to usenofp.o(x$fpl$usenofp) for __I$use$fp
    __rtentry.o(.ARM.Collect$$rtentry$$00000000) refers (Special) to __rtentry2.o(.ARM.Collect$$rtentry$$0000000A) for __rt_entry_li
    __rtentry.o(.ARM.Collect$$rtentry$$00000000) refers (Special) to __rtentry2.o(.ARM.Collect$$rtentry$$0000000D) for __rt_entry_main
    __rtentry.o(.ARM.Collect$$rtentry$$00000000) refers (Special) to __rtentry2.o(.ARM.Collect$$rtentry$$0000000C) for __rt_entry_postli_1
    __rtentry.o(.ARM.Collect$$rtentry$$00000000) refers (Special) to __rtentry2.o(.ARM.Collect$$rtentry$$00000009) for __rt_entry_postsh_1
    __rtentry.o(.ARM.Collect$$rtentry$$00000000) refers (Special) to __rtentry2.o(.ARM.Collect$$rtentry$$00000002) for __rt_entry_presh_1
    __rtentry.o(.ARM.Collect$$rtentry$$00000000) refers (Special) to __rtentry4.o(.ARM.Collect$$rtentry$$00000004) for __rt_entry_sh
    aeabi_idiv0_sigfpe.o(.text) refers to rt_div0.o(.text) for __rt_div0
    aeabi_ldiv0_sigfpe.o(.text) refers to rt_div0.o(.text) for __rt_div0
    __rtentry2.o(.ARM.Collect$$rtentry$$00000008) refers to boardinit2.o(.text) for _platform_post_stackheap_init
    __rtentry2.o(.ARM.Collect$$rtentry$$0000000A) refers to libinit.o(.ARM.Collect$$libinit$$00000000) for __rt_lib_init
    __rtentry2.o(.ARM.Collect$$rtentry$$0000000B) refers to boardinit3.o(.text) for _platform_post_lib_init
    __rtentry2.o(.ARM.Collect$$rtentry$$0000000D) refers to main.o(.text.main) for main
    __rtentry2.o(.ARM.Collect$$rtentry$$0000000D) refers to exit.o(.text) for exit
    __rtentry2.o(.ARM.exidx) refers to __rtentry2.o(.ARM.Collect$$rtentry$$00000001) for .ARM.Collect$$rtentry$$00000001
    __rtentry2.o(.ARM.exidx) refers to __rtentry2.o(.ARM.Collect$$rtentry$$00000008) for .ARM.Collect$$rtentry$$00000008
    __rtentry2.o(.ARM.exidx) refers to __rtentry2.o(.ARM.Collect$$rtentry$$0000000A) for .ARM.Collect$$rtentry$$0000000A
    __rtentry2.o(.ARM.exidx) refers to __rtentry2.o(.ARM.Collect$$rtentry$$0000000B) for .ARM.Collect$$rtentry$$0000000B
    __rtentry2.o(.ARM.exidx) refers to __rtentry2.o(.ARM.Collect$$rtentry$$0000000D) for .ARM.Collect$$rtentry$$0000000D
    __rtentry4.o(.ARM.Collect$$rtentry$$00000004) refers to sys_stackheap_outer.o(.text) for __user_setup_stackheap
    __rtentry4.o(.ARM.exidx) refers to __rtentry4.o(.ARM.Collect$$rtentry$$00000004) for .ARM.Collect$$rtentry$$00000004
    rt_div0.o(.text) refers to defsig_fpe_outer.o(.text) for __rt_SIGFPE
    sys_stackheap_outer.o(.text) refers to libspace.o(.text) for __user_perproc_libspace
    sys_stackheap_outer.o(.text) refers to startup_stm32g030xx.o(.text) for __user_initial_stackheap
    sys_stackheap_outer.o(__vectab_stack_and_reset_area) refers to tempstk.o(.text) for __temporary_stack_top
    sys_stackheap_outer.o(__vectab_stack_and_reset_area) refers to __main.o(!!!main) for __main
    exit.o(.text) refers to rtexit.o(.ARM.Collect$$rtexit$$00000000) for __rt_exit
    defsig_fpe_outer.o(.text) refers to defsig_fpe_inner.o(.text) for __rt_SIGFPE_inner
    defsig_fpe_outer.o(.text) refers to defsig_exit.o(.text) for __sig_exit
    defsig_fpe_formal.o(.text) refers to rt_raise.o(.text) for __rt_raise
    libinit.o(.ARM.Collect$$libinit$$00000000) refers (Special) to libinit2.o(.ARM.Collect$$libinit$$00000030) for __rt_lib_init_alloca_1
    libinit.o(.ARM.Collect$$libinit$$00000000) refers (Special) to libinit2.o(.ARM.Collect$$libinit$$0000002E) for __rt_lib_init_argv_1
    libinit.o(.ARM.Collect$$libinit$$00000000) refers (Special) to libinit2.o(.ARM.Collect$$libinit$$0000001D) for __rt_lib_init_atexit_1
    libinit.o(.ARM.Collect$$libinit$$00000000) refers (Special) to libinit2.o(.ARM.Collect$$libinit$$00000023) for __rt_lib_init_clock_1
    libinit.o(.ARM.Collect$$libinit$$00000000) refers (Special) to libinit2.o(.ARM.Collect$$libinit$$00000034) for __rt_lib_init_cpp_1
    libinit.o(.ARM.Collect$$libinit$$00000000) refers (Special) to libinit2.o(.ARM.Collect$$libinit$$00000032) for __rt_lib_init_exceptions_1
    libinit.o(.ARM.Collect$$libinit$$00000000) refers (Special) to libinit2.o(.ARM.Collect$$libinit$$00000002) for __rt_lib_init_fp_1
    libinit.o(.ARM.Collect$$libinit$$00000000) refers (Special) to libinit2.o(.ARM.Collect$$libinit$$00000021) for __rt_lib_init_fp_trap_1
    libinit.o(.ARM.Collect$$libinit$$00000000) refers (Special) to libinit2.o(.ARM.Collect$$libinit$$00000025) for __rt_lib_init_getenv_1
    libinit.o(.ARM.Collect$$libinit$$00000000) refers (Special) to libinit2.o(.ARM.Collect$$libinit$$0000000C) for __rt_lib_init_heap_1
    libinit.o(.ARM.Collect$$libinit$$00000000) refers (Special) to libinit2.o(.ARM.Collect$$libinit$$00000013) for __rt_lib_init_lc_collate_1
    libinit.o(.ARM.Collect$$libinit$$00000000) refers (Special) to libinit2.o(.ARM.Collect$$libinit$$00000015) for __rt_lib_init_lc_ctype_1
    libinit.o(.ARM.Collect$$libinit$$00000000) refers (Special) to libinit2.o(.ARM.Collect$$libinit$$00000017) for __rt_lib_init_lc_monetary_1
    libinit.o(.ARM.Collect$$libinit$$00000000) refers (Special) to libinit2.o(.ARM.Collect$$libinit$$00000019) for __rt_lib_init_lc_numeric_1
    libinit.o(.ARM.Collect$$libinit$$00000000) refers (Special) to libinit2.o(.ARM.Collect$$libinit$$0000001B) for __rt_lib_init_lc_time_1
    libinit.o(.ARM.Collect$$libinit$$00000000) refers (Special) to libinit2.o(.ARM.Collect$$libinit$$00000006) for __rt_lib_init_preinit_1
    libinit.o(.ARM.Collect$$libinit$$00000000) refers (Special) to libinit2.o(.ARM.Collect$$libinit$$00000010) for __rt_lib_init_rand_1
    libinit.o(.ARM.Collect$$libinit$$00000000) refers (Special) to libinit2.o(.ARM.Collect$$libinit$$00000004) for __rt_lib_init_relocate_pie_1
    libinit.o(.ARM.Collect$$libinit$$00000000) refers (Special) to libinit2.o(.ARM.Collect$$libinit$$00000035) for __rt_lib_init_return
    libinit.o(.ARM.Collect$$libinit$$00000000) refers (Special) to libinit2.o(.ARM.Collect$$libinit$$0000001F) for __rt_lib_init_signal_1
    libinit.o(.ARM.Collect$$libinit$$00000000) refers (Special) to libinit2.o(.ARM.Collect$$libinit$$00000027) for __rt_lib_init_stdio_1
    libinit.o(.ARM.Collect$$libinit$$00000000) refers (Special) to libinit2.o(.ARM.Collect$$libinit$$0000000E) for __rt_lib_init_user_alloc_1
    libspace.o(.text) refers to libspace.o(.bss) for __libspace_start
    rtexit.o(.ARM.Collect$$rtexit$$00000000) refers (Special) to rtexit2.o(.ARM.Collect$$rtexit$$00000004) for __rt_exit_exit
    rtexit.o(.ARM.Collect$$rtexit$$00000000) refers (Special) to rtexit2.o(.ARM.Collect$$rtexit$$00000003) for __rt_exit_ls
    rtexit.o(.ARM.Collect$$rtexit$$00000000) refers (Special) to rtexit2.o(.ARM.Collect$$rtexit$$00000002) for __rt_exit_prels_1
    rtexit.o(.ARM.exidx) refers (Special) to rtexit2.o(.ARM.Collect$$rtexit$$00000004) for __rt_exit_exit
    rtexit.o(.ARM.exidx) refers (Special) to rtexit2.o(.ARM.Collect$$rtexit$$00000003) for __rt_exit_ls
    rtexit.o(.ARM.exidx) refers (Special) to rtexit2.o(.ARM.Collect$$rtexit$$00000002) for __rt_exit_prels_1
    rtexit.o(.ARM.exidx) refers to rtexit.o(.ARM.Collect$$rtexit$$00000000) for .ARM.Collect$$rtexit$$00000000
    rt_raise.o(.text) refers to __raise.o(.text) for __raise
    rt_raise.o(.text) refers to sys_exit.o(.text) for _sys_exit
    defsig_exit.o(.text) refers to sys_exit.o(.text) for _sys_exit
    defsig_fpe_inner.o(.text) refers to defsig_general.o(.text) for __default_signal_display
    libinit2.o(.ARM.Collect$$libinit$$00000012) refers to libinit2.o(.ARM.Collect$$libinit$$00000011) for .ARM.Collect$$libinit$$00000011
    libinit2.o(.ARM.Collect$$libinit$$00000014) refers to libinit2.o(.ARM.Collect$$libinit$$00000011) for .ARM.Collect$$libinit$$00000011
    libinit2.o(.ARM.Collect$$libinit$$00000016) refers to libinit2.o(.ARM.Collect$$libinit$$00000011) for .ARM.Collect$$libinit$$00000011
    libinit2.o(.ARM.Collect$$libinit$$00000018) refers to libinit2.o(.ARM.Collect$$libinit$$00000011) for .ARM.Collect$$libinit$$00000011
    libinit2.o(.ARM.Collect$$libinit$$0000001A) refers to libinit2.o(.ARM.Collect$$libinit$$00000011) for .ARM.Collect$$libinit$$00000011
    libinit2.o(.ARM.Collect$$libinit$$00000028) refers to argv_veneer.o(.text) for __ARM_argv_veneer
    libinit2.o(.ARM.Collect$$libinit$$00000029) refers to argv_veneer.o(.text) for __ARM_argv_veneer
    sys_exit.o(.text) refers (Special) to use_no_semi.o(.text) for __I$use$semihosting
    sys_exit.o(.text) refers (Special) to indicate_semi.o(.text) for __semihosting_library_function
    sys_exit_hlt.o(.text) refers (Special) to use_no_semi.o(.text) for __I$use$semihosting
    sys_exit_hlt.o(.text) refers (Special) to indicate_semi.o(.text) for __semihosting_library_function
    rtexit2.o(.ARM.Collect$$rtexit$$00000003) refers to libshutdown.o(.ARM.Collect$$libshutdown$$00000000) for __rt_lib_shutdown
    rtexit2.o(.ARM.Collect$$rtexit$$00000004) refers to sys_exit.o(.text) for _sys_exit
    rtexit2.o(.ARM.exidx) refers to rtexit2.o(.ARM.Collect$$rtexit$$00000001) for .ARM.Collect$$rtexit$$00000001
    rtexit2.o(.ARM.exidx) refers to rtexit2.o(.ARM.Collect$$rtexit$$00000003) for .ARM.Collect$$rtexit$$00000003
    rtexit2.o(.ARM.exidx) refers to rtexit2.o(.ARM.Collect$$rtexit$$00000004) for .ARM.Collect$$rtexit$$00000004
    __raise.o(.text) refers to defsig.o(CL$$defsig) for __default_signal_handler
    defsig_general.o(.text) refers to sys_wrch.o(.text) for _ttywrch
    sys_wrch.o(.text) refers (Special) to use_no_semi.o(.text) for __I$use$semihosting
    sys_wrch.o(.text) refers (Special) to indicate_semi.o(.text) for __semihosting_library_function
    sys_wrch_hlt.o(.text) refers (Special) to use_no_semi.o(.text) for __I$use$semihosting
    sys_wrch_hlt.o(.text) refers (Special) to indicate_semi.o(.text) for __semihosting_library_function
    defsig.o(CL$$defsig) refers to defsig_fpe_inner.o(.text) for __rt_SIGFPE_inner
    defsig.o(CL$$defsig) refers to defsig_rtmem_inner.o(.text) for __rt_SIGRTMEM_inner
    _get_argv_nomalloc.o(.text) refers (Special) to hrguard.o(.text) for __heap_region$guard
    _get_argv_nomalloc.o(.text) refers to defsig_rtmem_outer.o(.text) for __rt_SIGRTMEM
    _get_argv_nomalloc.o(.text) refers to sys_command.o(.text) for _sys_command_string
    libshutdown.o(.ARM.Collect$$libshutdown$$00000000) refers (Special) to libshutdown2.o(.ARM.Collect$$libshutdown$$00000002) for __rt_lib_shutdown_cpp_1
    libshutdown.o(.ARM.Collect$$libshutdown$$00000000) refers (Special) to libshutdown2.o(.ARM.Collect$$libshutdown$$00000007) for __rt_lib_shutdown_fp_trap_1
    libshutdown.o(.ARM.Collect$$libshutdown$$00000000) refers (Special) to libshutdown2.o(.ARM.Collect$$libshutdown$$0000000F) for __rt_lib_shutdown_heap_1
    libshutdown.o(.ARM.Collect$$libshutdown$$00000000) refers (Special) to libshutdown2.o(.ARM.Collect$$libshutdown$$00000010) for __rt_lib_shutdown_return
    libshutdown.o(.ARM.Collect$$libshutdown$$00000000) refers (Special) to libshutdown2.o(.ARM.Collect$$libshutdown$$0000000A) for __rt_lib_shutdown_signal_1
    libshutdown.o(.ARM.Collect$$libshutdown$$00000000) refers (Special) to libshutdown2.o(.ARM.Collect$$libshutdown$$00000004) for __rt_lib_shutdown_stdio_1
    libshutdown.o(.ARM.Collect$$libshutdown$$00000000) refers (Special) to libshutdown2.o(.ARM.Collect$$libshutdown$$0000000C) for __rt_lib_shutdown_user_alloc_1
    sys_command.o(.text) refers (Special) to use_no_semi.o(.text) for __I$use$semihosting
    sys_command.o(.text) refers (Special) to indicate_semi.o(.text) for __semihosting_library_function
    sys_command_hlt.o(.text) refers (Special) to use_no_semi.o(.text) for __I$use$semihosting
    sys_command_hlt.o(.text) refers (Special) to indicate_semi.o(.text) for __semihosting_library_function
    defsig_abrt_inner.o(.text) refers to defsig_general.o(.text) for __default_signal_display
    defsig_rtred_inner.o(.text) refers to defsig_general.o(.text) for __default_signal_display
    defsig_rtmem_inner.o(.text) refers to defsig_general.o(.text) for __default_signal_display
    defsig_rtmem_outer.o(.text) refers to defsig_rtmem_inner.o(.text) for __rt_SIGRTMEM_inner
    defsig_rtmem_outer.o(.text) refers to defsig_exit.o(.text) for __sig_exit
    defsig_rtmem_formal.o(.text) refers to rt_raise.o(.text) for __rt_raise
    defsig_stak_inner.o(.text) refers to defsig_general.o(.text) for __default_signal_display
    defsig_pvfn_inner.o(.text) refers to defsig_general.o(.text) for __default_signal_display
    defsig_cppl_inner.o(.text) refers to defsig_general.o(.text) for __default_signal_display
    defsig_segv_inner.o(.text) refers to defsig_general.o(.text) for __default_signal_display
    defsig_other.o(.text) refers to defsig_general.o(.text) for __default_signal_display


==============================================================================

Removing Unused input sections from the image.

    Removing main.o(.text), (0 bytes).
    Removing main.o(.text.adc_enable_vreg), (92 bytes).
    Removing main.o(.ARM.exidx.text.adc_enable_vreg), (8 bytes).
    Removing main.o(.text.adc_init), (400 bytes).
    Removing main.o(.ARM.exidx.text.adc_init), (8 bytes).
    Removing main.o(.text.adc_read), (156 bytes).
    Removing main.o(.ARM.exidx.text.adc_read), (8 bytes).
    Removing main.o(.text.adc_read_filtered), (30 bytes).
    Removing main.o(.ARM.exidx.text.adc_read_filtered), (8 bytes).
    Removing main.o(.text.adc_read_Sx), (48 bytes).
    Removing main.o(.ARM.exidx.text.adc_read_Sx), (8 bytes).
    Removing main.o(.text.i2c_init), (596 bytes).
    Removing main.o(.ARM.exidx.text.i2c_init), (8 bytes).
    Removing main.o(.text.i2c_get_error_code), (12 bytes).
    Removing main.o(.ARM.exidx.text.i2c_get_error_code), (8 bytes).
    Removing main.o(.text.i2c_set_slave_addr), (20 bytes).
    Removing main.o(.ARM.exidx.text.i2c_set_slave_addr), (8 bytes).
    Removing main.o(.text.i2c_set_nbytes), (40 bytes).
    Removing main.o(.ARM.exidx.text.i2c_set_nbytes), (8 bytes).
    Removing main.o(.text.i2c_nack_flag), (44 bytes).
    Removing main.o(.ARM.exidx.text.i2c_nack_flag), (8 bytes).
    Removing main.o(.text.i2c_cmd_write), (20 bytes).
    Removing main.o(.ARM.exidx.text.i2c_cmd_write), (8 bytes).
    Removing main.o(.text.i2c_cmd_read), (20 bytes).
    Removing main.o(.ARM.exidx.text.i2c_cmd_read), (8 bytes).
    Removing main.o(.text.i2c_send_nack), (20 bytes).
    Removing main.o(.ARM.exidx.text.i2c_send_nack), (8 bytes).
    Removing main.o(.text.i2c_send_ack), (20 bytes).
    Removing main.o(.ARM.exidx.text.i2c_send_ack), (8 bytes).
    Removing main.o(.text.i2c_start), (64 bytes).
    Removing main.o(.ARM.exidx.text.i2c_start), (8 bytes).
    Removing main.o(.text.i2c_stop), (84 bytes).
    Removing main.o(.ARM.exidx.text.i2c_stop), (8 bytes).
    Removing main.o(.text.i2c_clear_nackf), (52 bytes).
    Removing main.o(.ARM.exidx.text.i2c_clear_nackf), (8 bytes).
    Removing main.o(.text.i2c_clear_stopf), (52 bytes).
    Removing main.o(.ARM.exidx.text.i2c_clear_stopf), (8 bytes).
    Removing main.o(.text.i2c_get_slave_addr), (84 bytes).
    Removing main.o(.ARM.exidx.text.i2c_get_slave_addr), (8 bytes).
    Removing main.o(.text.i2c_read), (152 bytes).
    Removing main.o(.ARM.exidx.text.i2c_read), (8 bytes).
    Removing main.o(.text.i2c_write), (100 bytes).
    Removing main.o(.ARM.exidx.text.i2c_write), (8 bytes).
    Removing main.o(.text.emitter_high), (68 bytes).
    Removing main.o(.ARM.exidx.text.emitter_high), (8 bytes).
    Removing main.o(.ARM.exidx.text.main), (8 bytes).
    Removing main.o(.rodata..L__const.adc_read_Sx.index), (10 bytes).
    Removing main.o(.bss.I2C), (2 bytes).
    Removing main.o(.ARM.use_no_argv), (4 bytes).
    Removing soft_i2c.o(.text), (0 bytes).
    Removing soft_i2c.o(.ARM.exidx.text.SoftI2C_Struct_Init), (8 bytes).
    Removing soft_i2c.o(.ARM.exidx.text.SoftI2C_GPIO_Init), (8 bytes).
    Removing soft_i2c.o(.ARM.exidx.text.SoftI2C_SDA_Set_Mode), (8 bytes).
    Removing soft_i2c.o(.ARM.exidx.text.SoftI2C_SDA_Get_Mode), (8 bytes).
    Removing soft_i2c.o(.ARM.exidx.text.SoftI2C_SCL_Set_Output_State), (8 bytes).
    Removing soft_i2c.o(.ARM.exidx.text.SoftI2C_SDA_Set_Output_State), (8 bytes).
    Removing soft_i2c.o(.ARM.exidx.text.SoftI2C_SDA_Get_State), (8 bytes).
    Removing soft_i2c.o(.ARM.exidx.text.SoftI2C_Bit_Delay), (8 bytes).
    Removing soft_i2c.o(.ARM.exidx.text.SoftI2C_Start), (8 bytes).
    Removing soft_i2c.o(.ARM.exidx.text.SoftI2C_Stop), (8 bytes).
    Removing soft_i2c.o(.ARM.exidx.text.SoftI2C_Get_Ack), (8 bytes).
    Removing soft_i2c.o(.text.SoftI2C_Send_Ack), (72 bytes).
    Removing soft_i2c.o(.ARM.exidx.text.SoftI2C_Send_Ack), (8 bytes).
    Removing soft_i2c.o(.text.SoftI2C_Send_Nack), (74 bytes).
    Removing soft_i2c.o(.ARM.exidx.text.SoftI2C_Send_Nack), (8 bytes).
    Removing soft_i2c.o(.ARM.exidx.text.SoftI2C_Send_Raw_Bit), (8 bytes).
    Removing soft_i2c.o(.ARM.exidx.text.SoftI2C_Send_Raw_Byte), (8 bytes).
    Removing soft_i2c.o(.ARM.exidx.text.SoftI2C_Send_Byte), (8 bytes).
    Removing soft_i2c.o(.text.SoftI2C_Receive_Raw_Byte), (110 bytes).
    Removing soft_i2c.o(.ARM.exidx.text.SoftI2C_Receive_Raw_Byte), (8 bytes).
    Removing soft_i2c.o(.text.SoftI2C_Read_Register), (80 bytes).
    Removing soft_i2c.o(.ARM.exidx.text.SoftI2C_Read_Register), (8 bytes).
    Removing soft_i2c.o(.ARM.exidx.text.SoftI2C_Write_Register), (8 bytes).
    Removing soft_i2c.o(.ARM.exidx.text.SoftI2C_Get_Slave_Address), (8 bytes).
    Removing soft_i2c.o(.ARM.exidx.text.SoftI2C_Init), (8 bytes).
    Removing serial.o(.text), (0 bytes).
    Removing serial.o(.ARM.exidx.text.uart_Init), (8 bytes).
    Removing serial.o(.ARM.exidx.text.uart_char), (8 bytes).
    Removing serial.o(.ARM.exidx.text.uart_send_char), (8 bytes).
    Removing serial.o(.ARM.exidx.text.uart_send_num), (8 bytes).
    Removing serial.o(.text.uart_send_num_arr), (56 bytes).
    Removing serial.o(.ARM.exidx.text.uart_send_num_arr), (8 bytes).
    Removing serial.o(.text.uart_flush), (24 bytes).
    Removing serial.o(.ARM.exidx.text.uart_flush), (8 bytes).
    Removing serial.o(.text.uart_send_num_bin), (104 bytes).
    Removing serial.o(.ARM.exidx.text.uart_send_num_bin), (8 bytes).
    Removing serial.o(.text.uart_send_num_float), (328 bytes).
    Removing serial.o(.ARM.exidx.text.uart_send_num_float), (8 bytes).
    Removing serial.o(.rodata..L__const.uart_send_num.arr), (10 bytes).
    Removing serial.o(.rodata.str1.1), (3 bytes).
    Removing serial.o(.rodata..L__const.uart_send_num_float.arr), (10 bytes).
    Removing system_stm32g0xx.o(.text), (0 bytes).
    Removing system_stm32g0xx.o(.ARM.exidx.text.SystemInit), (8 bytes).
    Removing system_stm32g0xx.o(.text.SystemCoreClockUpdate), (380 bytes).
    Removing system_stm32g0xx.o(.ARM.exidx.text.SystemCoreClockUpdate), (8 bytes).
    Removing system_stm32g0xx.o(.data.SystemCoreClock), (4 bytes).
    Removing system_stm32g0xx.o(.rodata.AHBPrescTable), (64 bytes).
    Removing system_stm32g0xx.o(.rodata.APBPrescTable), (32 bytes).

98 unused section(s) (total 3973 bytes) removed from the image.

==============================================================================

Image Symbol Table

    Local Symbols

    Symbol Name                              Value     Ov Type        Size  Object(Section)

    ../clib/angel/boardlib.s                 0x00000000   Number         0  boardinit1.o ABSOLUTE
    ../clib/angel/boardlib.s                 0x00000000   Number         0  boardinit2.o ABSOLUTE
    ../clib/angel/boardlib.s                 0x00000000   Number         0  boardinit3.o ABSOLUTE
    ../clib/angel/boardlib.s                 0x00000000   Number         0  boardshut.o ABSOLUTE
    ../clib/angel/handlers.s                 0x00000000   Number         0  __scatter_zi.o ABSOLUTE
    ../clib/angel/kernel.s                   0x00000000   Number         0  __rtentry.o ABSOLUTE
    ../clib/angel/kernel.s                   0x00000000   Number         0  __rtentry2.o ABSOLUTE
    ../clib/angel/kernel.s                   0x00000000   Number         0  __rtentry4.o ABSOLUTE
    ../clib/angel/kernel.s                   0x00000000   Number         0  rtexit.o ABSOLUTE
    ../clib/angel/kernel.s                   0x00000000   Number         0  rtexit2.o ABSOLUTE
    ../clib/angel/rt.s                       0x00000000   Number         0  aeabi_idiv0.o ABSOLUTE
    ../clib/angel/rt.s                       0x00000000   Number         0  aeabi_idiv0_sigfpe.o ABSOLUTE
    ../clib/angel/rt.s                       0x00000000   Number         0  aeabi_ldiv0.o ABSOLUTE
    ../clib/angel/rt.s                       0x00000000   Number         0  aeabi_ldiv0_sigfpe.o ABSOLUTE
    ../clib/angel/rt.s                       0x00000000   Number         0  rt_div0.o ABSOLUTE
    ../clib/angel/rt.s                       0x00000000   Number         0  rt_raise.o ABSOLUTE
    ../clib/angel/scatterp.s                 0x00000000   Number         0  __scatter.o ABSOLUTE
    ../clib/angel/startup.s                  0x00000000   Number         0  __main.o ABSOLUTE
    ../clib/angel/sys.s                      0x00000000   Number         0  sys_stackheap_outer.o ABSOLUTE
    ../clib/angel/sys.s                      0x00000000   Number         0  libspace.o ABSOLUTE
    ../clib/angel/sys.s                      0x00000000   Number         0  tempstk.o ABSOLUTE
    ../clib/angel/sys.s                      0x00000000   Number         0  use_no_semi.o ABSOLUTE
    ../clib/angel/sys.s                      0x00000000   Number         0  indicate_semi.o ABSOLUTE
    ../clib/angel/sysapp.c                   0x00000000   Number         0  sys_exit.o ABSOLUTE
    ../clib/angel/sysapp.c                   0x00000000   Number         0  sys_exit_hlt.o ABSOLUTE
    ../clib/angel/sysapp.c                   0x00000000   Number         0  sys_wrch.o ABSOLUTE
    ../clib/angel/sysapp.c                   0x00000000   Number         0  sys_wrch_hlt.o ABSOLUTE
    ../clib/angel/sysapp.c                   0x00000000   Number         0  sys_command.o ABSOLUTE
    ../clib/angel/sysapp.c                   0x00000000   Number         0  sys_command_hlt.o ABSOLUTE
    ../clib/armsys.c                         0x00000000   Number         0  argv_veneer.o ABSOLUTE
    ../clib/armsys.c                         0x00000000   Number         0  _get_argv_nomalloc.o ABSOLUTE
    ../clib/armsys.c                         0x00000000   Number         0  no_argv.o ABSOLUTE
    ../clib/division.c                       0x00000000   Number         0  llsdiv.o ABSOLUTE
    ../clib/division.c                       0x00000000   Number         0  lludiv.o ABSOLUTE
    ../clib/division.s                       0x00000000   Number         0  aeabi_sdiv.o ABSOLUTE
    ../clib/division.s                       0x00000000   Number         0  aeabi_sdiv_div0.o ABSOLUTE
    ../clib/heapalloc.c                      0x00000000   Number         0  hrguard.o ABSOLUTE
    ../clib/heapaux.c                        0x00000000   Number         0  heapauxi.o ABSOLUTE
    ../clib/libinit.s                        0x00000000   Number         0  libinit.o ABSOLUTE
    ../clib/libinit.s                        0x00000000   Number         0  libinit2.o ABSOLUTE
    ../clib/libinit.s                        0x00000000   Number         0  libshutdown.o ABSOLUTE
    ../clib/libinit.s                        0x00000000   Number         0  libshutdown2.o ABSOLUTE
    ../clib/signal.c                         0x00000000   Number         0  defsig_fpe_outer.o ABSOLUTE
    ../clib/signal.c                         0x00000000   Number         0  defsig_fpe_formal.o ABSOLUTE
    ../clib/signal.c                         0x00000000   Number         0  defsig_exit.o ABSOLUTE
    ../clib/signal.c                         0x00000000   Number         0  defsig_fpe_inner.o ABSOLUTE
    ../clib/signal.c                         0x00000000   Number         0  __raise.o ABSOLUTE
    ../clib/signal.c                         0x00000000   Number         0  defsig_general.o ABSOLUTE
    ../clib/signal.c                         0x00000000   Number         0  defsig_abrt_inner.o ABSOLUTE
    ../clib/signal.c                         0x00000000   Number         0  defsig_rtred_inner.o ABSOLUTE
    ../clib/signal.c                         0x00000000   Number         0  defsig_rtmem_inner.o ABSOLUTE
    ../clib/signal.c                         0x00000000   Number         0  defsig_rtmem_outer.o ABSOLUTE
    ../clib/signal.c                         0x00000000   Number         0  defsig_rtmem_formal.o ABSOLUTE
    ../clib/signal.c                         0x00000000   Number         0  defsig_stak_inner.o ABSOLUTE
    ../clib/signal.c                         0x00000000   Number         0  defsig_pvfn_inner.o ABSOLUTE
    ../clib/signal.c                         0x00000000   Number         0  defsig_cppl_inner.o ABSOLUTE
    ../clib/signal.c                         0x00000000   Number         0  defsig_segv_inner.o ABSOLUTE
    ../clib/signal.c                         0x00000000   Number         0  defsig_other.o ABSOLUTE
    ../clib/signal.s                         0x00000000   Number         0  defsig.o ABSOLUTE
    ../clib/stdlib.c                         0x00000000   Number         0  exit.o ABSOLUTE
    ../fplib/cfplib/ffix.c                   0x00000000   Number         0  ffixi.o ABSOLUTE
    ../fplib/cfplib/fpinit.c                 0x00000000   Number         0  fpinit.o ABSOLUTE
    ../fplib/fmul6m.s                        0x00000000   Number         0  fmul.o ABSOLUTE
    ../fplib/usenofp.s                       0x00000000   Number         0  usenofp.o ABSOLUTE
    RTE/Device/STM32G030F6Px/startup_stm32g030xx.s 0x00000000   Number         0  startup_stm32g030xx.o ABSOLUTE
    dc.s                                     0x00000000   Number         0  dc.o ABSOLUTE
    main.c                                   0x00000000   Number         0  main.o ABSOLUTE
    serial.c                                 0x00000000   Number         0  serial.o ABSOLUTE
    soft_i2c.c                               0x00000000   Number         0  soft_i2c.o ABSOLUTE
    system_stm32g0xx.c                       0x00000000   Number         0  system_stm32g0xx.o ABSOLUTE
    RESET                                    0x08000000   Section      192  startup_stm32g030xx.o(RESET)
    !!!main                                  0x080000c0   Section        8  __main.o(!!!main)
    !!!scatter                               0x080000c8   Section       84  __scatter.o(!!!scatter)
    !!handler_null                           0x0800011c   Section        2  __scatter.o(!!handler_null)
    !!handler_zi                             0x08000120   Section       28  __scatter_zi.o(!!handler_zi)
    .ARM.Collect$$libinit$$00000000          0x0800013c   Section        2  libinit.o(.ARM.Collect$$libinit$$00000000)
    .ARM.Collect$$libinit$$00000002          0x0800013e   Section        0  libinit2.o(.ARM.Collect$$libinit$$00000002)
    .ARM.Collect$$libinit$$00000004          0x0800013e   Section        0  libinit2.o(.ARM.Collect$$libinit$$00000004)
    .ARM.Collect$$libinit$$00000006          0x0800013e   Section        0  libinit2.o(.ARM.Collect$$libinit$$00000006)
    .ARM.Collect$$libinit$$0000000C          0x0800013e   Section        0  libinit2.o(.ARM.Collect$$libinit$$0000000C)
    .ARM.Collect$$libinit$$0000000E          0x0800013e   Section        0  libinit2.o(.ARM.Collect$$libinit$$0000000E)
    .ARM.Collect$$libinit$$00000010          0x0800013e   Section        0  libinit2.o(.ARM.Collect$$libinit$$00000010)
    .ARM.Collect$$libinit$$00000013          0x0800013e   Section        0  libinit2.o(.ARM.Collect$$libinit$$00000013)
    .ARM.Collect$$libinit$$00000015          0x0800013e   Section        0  libinit2.o(.ARM.Collect$$libinit$$00000015)
    .ARM.Collect$$libinit$$00000017          0x0800013e   Section        0  libinit2.o(.ARM.Collect$$libinit$$00000017)
    .ARM.Collect$$libinit$$00000019          0x0800013e   Section        0  libinit2.o(.ARM.Collect$$libinit$$00000019)
    .ARM.Collect$$libinit$$0000001B          0x0800013e   Section        0  libinit2.o(.ARM.Collect$$libinit$$0000001B)
    .ARM.Collect$$libinit$$0000001D          0x0800013e   Section        0  libinit2.o(.ARM.Collect$$libinit$$0000001D)
    .ARM.Collect$$libinit$$0000001F          0x0800013e   Section        0  libinit2.o(.ARM.Collect$$libinit$$0000001F)
    .ARM.Collect$$libinit$$00000021          0x0800013e   Section        0  libinit2.o(.ARM.Collect$$libinit$$00000021)
    .ARM.Collect$$libinit$$00000023          0x0800013e   Section        0  libinit2.o(.ARM.Collect$$libinit$$00000023)
    .ARM.Collect$$libinit$$00000025          0x0800013e   Section        0  libinit2.o(.ARM.Collect$$libinit$$00000025)
    .ARM.Collect$$libinit$$00000027          0x0800013e   Section        0  libinit2.o(.ARM.Collect$$libinit$$00000027)
    .ARM.Collect$$libinit$$0000002E          0x0800013e   Section        0  libinit2.o(.ARM.Collect$$libinit$$0000002E)
    .ARM.Collect$$libinit$$00000030          0x0800013e   Section        0  libinit2.o(.ARM.Collect$$libinit$$00000030)
    .ARM.Collect$$libinit$$00000032          0x0800013e   Section        0  libinit2.o(.ARM.Collect$$libinit$$00000032)
    .ARM.Collect$$libinit$$00000034          0x0800013e   Section        0  libinit2.o(.ARM.Collect$$libinit$$00000034)
    .ARM.Collect$$libinit$$00000035          0x0800013e   Section        2  libinit2.o(.ARM.Collect$$libinit$$00000035)
    .ARM.Collect$$libshutdown$$00000000      0x08000140   Section        2  libshutdown.o(.ARM.Collect$$libshutdown$$00000000)
    .ARM.Collect$$libshutdown$$00000002      0x08000142   Section        0  libshutdown2.o(.ARM.Collect$$libshutdown$$00000002)
    .ARM.Collect$$libshutdown$$00000004      0x08000142   Section        0  libshutdown2.o(.ARM.Collect$$libshutdown$$00000004)
    .ARM.Collect$$libshutdown$$00000007      0x08000142   Section        0  libshutdown2.o(.ARM.Collect$$libshutdown$$00000007)
    .ARM.Collect$$libshutdown$$0000000A      0x08000142   Section        0  libshutdown2.o(.ARM.Collect$$libshutdown$$0000000A)
    .ARM.Collect$$libshutdown$$0000000C      0x08000142   Section        0  libshutdown2.o(.ARM.Collect$$libshutdown$$0000000C)
    .ARM.Collect$$libshutdown$$0000000F      0x08000142   Section        0  libshutdown2.o(.ARM.Collect$$libshutdown$$0000000F)
    .ARM.Collect$$libshutdown$$00000010      0x08000142   Section        2  libshutdown2.o(.ARM.Collect$$libshutdown$$00000010)
    .ARM.Collect$$rtentry$$00000000          0x08000144   Section        0  __rtentry.o(.ARM.Collect$$rtentry$$00000000)
    .ARM.Collect$$rtentry$$00000002          0x08000144   Section        0  __rtentry2.o(.ARM.Collect$$rtentry$$00000002)
    .ARM.Collect$$rtentry$$00000004          0x08000144   Section        6  __rtentry4.o(.ARM.Collect$$rtentry$$00000004)
    .ARM.Collect$$rtentry$$00000009          0x0800014a   Section        0  __rtentry2.o(.ARM.Collect$$rtentry$$00000009)
    .ARM.Collect$$rtentry$$0000000A          0x0800014a   Section        4  __rtentry2.o(.ARM.Collect$$rtentry$$0000000A)
    .ARM.Collect$$rtentry$$0000000C          0x0800014e   Section        0  __rtentry2.o(.ARM.Collect$$rtentry$$0000000C)
    .ARM.Collect$$rtentry$$0000000D          0x0800014e   Section        8  __rtentry2.o(.ARM.Collect$$rtentry$$0000000D)
    .ARM.Collect$$rtexit$$00000000           0x08000156   Section        2  rtexit.o(.ARM.Collect$$rtexit$$00000000)
    .ARM.Collect$$rtexit$$00000002           0x08000158   Section        0  rtexit2.o(.ARM.Collect$$rtexit$$00000002)
    .ARM.Collect$$rtexit$$00000003           0x08000158   Section        4  rtexit2.o(.ARM.Collect$$rtexit$$00000003)
    .ARM.Collect$$rtexit$$00000004           0x0800015c   Section        6  rtexit2.o(.ARM.Collect$$rtexit$$00000004)
    .text                                    0x08000164   Section       56  startup_stm32g030xx.o(.text)
    .text                                    0x0800019c   Section      364  aeabi_sdiv.o(.text)
    .text                                    0x08000308   Section        0  heapauxi.o(.text)
    .text                                    0x0800030e   Section       62  sys_stackheap_outer.o(.text)
    .text                                    0x0800034c   Section        0  exit.o(.text)
    .text                                    0x0800035c   Section        8  libspace.o(.text)
    .text                                    0x08000364   Section        0  sys_exit.o(.text)
    .text                                    0x08000370   Section        2  use_no_semi.o(.text)
    [Anonymous Symbol]                       0x08000372   Section        0  soft_i2c.o(.text.SoftI2C_Bit_Delay)
    .text                                    0x08000372   Section        0  indicate_semi.o(.text)
    [Anonymous Symbol]                       0x08000394   Section        0  soft_i2c.o(.text.SoftI2C_GPIO_Init)
    __arm_cp.1_0                             0x080003ec   Number         4  soft_i2c.o(.text.SoftI2C_GPIO_Init)
    __arm_cp.1_2                             0x080003f0   Number         4  soft_i2c.o(.text.SoftI2C_GPIO_Init)
    [Anonymous Symbol]                       0x080003f4   Section        0  soft_i2c.o(.text.SoftI2C_Get_Ack)
    [Anonymous Symbol]                       0x0800043c   Section        0  soft_i2c.o(.text.SoftI2C_Get_Slave_Address)
    [Anonymous Symbol]                       0x08000494   Section        0  soft_i2c.o(.text.SoftI2C_Init)
    [Anonymous Symbol]                       0x080004a4   Section        0  soft_i2c.o(.text.SoftI2C_SCL_Set_Output_State)
    [Anonymous Symbol]                       0x080004d0   Section        0  soft_i2c.o(.text.SoftI2C_SDA_Get_Mode)
    [Anonymous Symbol]                       0x080004d8   Section        0  soft_i2c.o(.text.SoftI2C_SDA_Get_State)
    __arm_cp.6_0                             0x08000500   Number         4  soft_i2c.o(.text.SoftI2C_SDA_Get_State)
    [Anonymous Symbol]                       0x08000504   Section        0  soft_i2c.o(.text.SoftI2C_SDA_Set_Mode)
    __arm_cp.2_0                             0x08000540   Number         4  soft_i2c.o(.text.SoftI2C_SDA_Set_Mode)
    [Anonymous Symbol]                       0x08000544   Section        0  soft_i2c.o(.text.SoftI2C_SDA_Set_Output_State)
    __arm_cp.5_0                             0x08000574   Number         4  soft_i2c.o(.text.SoftI2C_SDA_Set_Output_State)
    [Anonymous Symbol]                       0x08000578   Section        0  soft_i2c.o(.text.SoftI2C_Send_Byte)
    [Anonymous Symbol]                       0x080005a0   Section        0  soft_i2c.o(.text.SoftI2C_Send_Raw_Bit)
    [Anonymous Symbol]                       0x08000622   Section        0  soft_i2c.o(.text.SoftI2C_Send_Raw_Byte)
    [Anonymous Symbol]                       0x08000678   Section        0  soft_i2c.o(.text.SoftI2C_Start)
    [Anonymous Symbol]                       0x080006be   Section        0  soft_i2c.o(.text.SoftI2C_Stop)
    [Anonymous Symbol]                       0x08000704   Section        0  soft_i2c.o(.text.SoftI2C_Struct_Init)
    [Anonymous Symbol]                       0x08000714   Section        0  soft_i2c.o(.text.SoftI2C_Write_Register)
    __arm_cp.18_0                            0x0800074c   Number         4  soft_i2c.o(.text.SoftI2C_Write_Register)
    [Anonymous Symbol]                       0x08000750   Section        0  system_stm32g0xx.o(.text.SystemInit)
    [Anonymous Symbol]                       0x08000754   Section        0  main.o(.text.main)
    __arm_cp.22_0                            0x080007b8   Number         4  main.o(.text.main)
    __arm_cp.22_1                            0x080007bc   Number         4  main.o(.text.main)
    __arm_cp.22_2                            0x080007c0   Number         4  main.o(.text.main)
    [Anonymous Symbol]                       0x080007c4   Section        0  serial.o(.text.uart_Init)
    __arm_cp.0_0                             0x0800084c   Number         4  serial.o(.text.uart_Init)
    __arm_cp.0_1                             0x08000850   Number         4  serial.o(.text.uart_Init)
    __arm_cp.0_2                             0x08000854   Number         4  serial.o(.text.uart_Init)
    __arm_cp.0_3                             0x08000858   Number         4  serial.o(.text.uart_Init)
    __arm_cp.0_4                             0x0800085c   Number         4  serial.o(.text.uart_Init)
    __arm_cp.0_5                             0x08000860   Number         4  serial.o(.text.uart_Init)
    __arm_cp.0_6                             0x08000864   Number         4  serial.o(.text.uart_Init)
    __arm_cp.0_7                             0x08000868   Number         4  serial.o(.text.uart_Init)
    [Anonymous Symbol]                       0x0800086c   Section        0  serial.o(.text.uart_char)
    __arm_cp.1_0                             0x08000890   Number         4  serial.o(.text.uart_char)
    __arm_cp.1_1                             0x08000894   Number         4  serial.o(.text.uart_char)
    [Anonymous Symbol]                       0x08000898   Section        0  serial.o(.text.uart_send_char)
    [Anonymous Symbol]                       0x080008bc   Section        0  serial.o(.text.uart_send_num)
    __arm_cp.3_0                             0x08000994   Number         4  serial.o(.text.uart_send_num)
    __arm_cp.3_1                             0x08000998   Number         4  serial.o(.text.uart_send_num)
    __arm_cp.3_2                             0x0800099c   Number         4  serial.o(.text.uart_send_num)
    [Anonymous Symbol]                       0x080009a0   Section        0  main.o(.rodata.str1.1)
    .bss                                     0x20000000   Section       96  libspace.o(.bss)
    Heap_Mem                                 0x20000068   Data         512  startup_stm32g030xx.o(HEAP)
    HEAP                                     0x20000068   Section      512  startup_stm32g030xx.o(HEAP)
    Stack_Mem                                0x20000268   Data        1024  startup_stm32g030xx.o(STACK)
    STACK                                    0x20000268   Section     1024  startup_stm32g030xx.o(STACK)
    __initial_sp                             0x20000668   Data           0  startup_stm32g030xx.o(STACK)

    Global Symbols

    Symbol Name                              Value     Ov Type        Size  Object(Section)

    BuildAttributes$$THM_ISAv3M$S$PE$A:L22$X:L11$S22$IEEE1$IW$~IW$USESV6$~STKCKD$USESV7$~SHL$OSPACE$ROPI$EBA8$UX$STANDARDLIB$REQ8$PRES8$EABIv2 0x00000000   Number         0  anon$$obj.o ABSOLUTE
    __ARM_exceptions_init                     - Undefined Weak Reference
    __alloca_initialize                       - Undefined Weak Reference
    __arm_preinit_                            - Undefined Weak Reference
    __arm_relocate_pie_                       - Undefined Weak Reference
    __cpp_initialize__aeabi_                  - Undefined Weak Reference
    __cxa_finalize                            - Undefined Weak Reference
    __rt_locale                               - Undefined Weak Reference
    __sigvec_lookup                           - Undefined Weak Reference
    _atexit_init                              - Undefined Weak Reference
    _call_atexit_fns                          - Undefined Weak Reference
    _clock_init                               - Undefined Weak Reference
    _fp_trap_init                             - Undefined Weak Reference
    _fp_trap_shutdown                         - Undefined Weak Reference
    _get_lc_collate                           - Undefined Weak Reference
    _get_lc_ctype                             - Undefined Weak Reference
    _get_lc_monetary                          - Undefined Weak Reference
    _get_lc_numeric                           - Undefined Weak Reference
    _get_lc_time                              - Undefined Weak Reference
    _getenv_init                              - Undefined Weak Reference
    _handle_redirection                       - Undefined Weak Reference
    _init_alloc                               - Undefined Weak Reference
    _init_user_alloc                          - Undefined Weak Reference
    _initio                                   - Undefined Weak Reference
    _rand_init                                - Undefined Weak Reference
    _signal_finish                            - Undefined Weak Reference
    _signal_init                              - Undefined Weak Reference
    _terminate_alloc                          - Undefined Weak Reference
    _terminate_user_alloc                     - Undefined Weak Reference
    _terminateio                              - Undefined Weak Reference
    __Vectors_Size                           0x000000c0   Number         0  startup_stm32g030xx.o ABSOLUTE
    __Vectors                                0x08000000   Data           4  startup_stm32g030xx.o(RESET)
    __Vectors_End                            0x080000c0   Data           0  startup_stm32g030xx.o(RESET)
    __main                                   0x080000c1   Thumb Code     8  __main.o(!!!main)
    __scatterload                            0x080000c9   Thumb Code     0  __scatter.o(!!!scatter)
    __scatterload_rt2                        0x080000c9   Thumb Code    74  __scatter.o(!!!scatter)
    __scatterload_rt2_thumb_only             0x080000c9   Thumb Code     0  __scatter.o(!!!scatter)
    __scatterload_loop                       0x080000d3   Thumb Code     0  __scatter.o(!!!scatter)
    __scatterload_null                       0x0800011d   Thumb Code     2  __scatter.o(!!handler_null)
    __scatterload_zeroinit                   0x08000121   Thumb Code    28  __scatter_zi.o(!!handler_zi)
    __rt_lib_init                            0x0800013d   Thumb Code     0  libinit.o(.ARM.Collect$$libinit$$00000000)
    __rt_lib_init_alloca_1                   0x0800013f   Thumb Code     0  libinit2.o(.ARM.Collect$$libinit$$00000030)
    __rt_lib_init_argv_1                     0x0800013f   Thumb Code     0  libinit2.o(.ARM.Collect$$libinit$$0000002E)
    __rt_lib_init_atexit_1                   0x0800013f   Thumb Code     0  libinit2.o(.ARM.Collect$$libinit$$0000001D)
    __rt_lib_init_clock_1                    0x0800013f   Thumb Code     0  libinit2.o(.ARM.Collect$$libinit$$00000023)
    __rt_lib_init_cpp_1                      0x0800013f   Thumb Code     0  libinit2.o(.ARM.Collect$$libinit$$00000034)
    __rt_lib_init_exceptions_1               0x0800013f   Thumb Code     0  libinit2.o(.ARM.Collect$$libinit$$00000032)
    __rt_lib_init_fp_1                       0x0800013f   Thumb Code     0  libinit2.o(.ARM.Collect$$libinit$$00000002)
    __rt_lib_init_fp_trap_1                  0x0800013f   Thumb Code     0  libinit2.o(.ARM.Collect$$libinit$$00000021)
    __rt_lib_init_getenv_1                   0x0800013f   Thumb Code     0  libinit2.o(.ARM.Collect$$libinit$$00000025)
    __rt_lib_init_heap_1                     0x0800013f   Thumb Code     0  libinit2.o(.ARM.Collect$$libinit$$0000000C)
    __rt_lib_init_lc_collate_1               0x0800013f   Thumb Code     0  libinit2.o(.ARM.Collect$$libinit$$00000013)
    __rt_lib_init_lc_ctype_1                 0x0800013f   Thumb Code     0  libinit2.o(.ARM.Collect$$libinit$$00000015)
    __rt_lib_init_lc_monetary_1              0x0800013f   Thumb Code     0  libinit2.o(.ARM.Collect$$libinit$$00000017)
    __rt_lib_init_lc_numeric_1               0x0800013f   Thumb Code     0  libinit2.o(.ARM.Collect$$libinit$$00000019)
    __rt_lib_init_lc_time_1                  0x0800013f   Thumb Code     0  libinit2.o(.ARM.Collect$$libinit$$0000001B)
    __rt_lib_init_preinit_1                  0x0800013f   Thumb Code     0  libinit2.o(.ARM.Collect$$libinit$$00000006)
    __rt_lib_init_rand_1                     0x0800013f   Thumb Code     0  libinit2.o(.ARM.Collect$$libinit$$00000010)
    __rt_lib_init_relocate_pie_1             0x0800013f   Thumb Code     0  libinit2.o(.ARM.Collect$$libinit$$00000004)
    __rt_lib_init_return                     0x0800013f   Thumb Code     0  libinit2.o(.ARM.Collect$$libinit$$00000035)
    __rt_lib_init_signal_1                   0x0800013f   Thumb Code     0  libinit2.o(.ARM.Collect$$libinit$$0000001F)
    __rt_lib_init_stdio_1                    0x0800013f   Thumb Code     0  libinit2.o(.ARM.Collect$$libinit$$00000027)
    __rt_lib_init_user_alloc_1               0x0800013f   Thumb Code     0  libinit2.o(.ARM.Collect$$libinit$$0000000E)
    __rt_lib_shutdown                        0x08000141   Thumb Code     0  libshutdown.o(.ARM.Collect$$libshutdown$$00000000)
    __rt_lib_shutdown_cpp_1                  0x08000143   Thumb Code     0  libshutdown2.o(.ARM.Collect$$libshutdown$$00000002)
    __rt_lib_shutdown_fp_trap_1              0x08000143   Thumb Code     0  libshutdown2.o(.ARM.Collect$$libshutdown$$00000007)
    __rt_lib_shutdown_heap_1                 0x08000143   Thumb Code     0  libshutdown2.o(.ARM.Collect$$libshutdown$$0000000F)
    __rt_lib_shutdown_return                 0x08000143   Thumb Code     0  libshutdown2.o(.ARM.Collect$$libshutdown$$00000010)
    __rt_lib_shutdown_signal_1               0x08000143   Thumb Code     0  libshutdown2.o(.ARM.Collect$$libshutdown$$0000000A)
    __rt_lib_shutdown_stdio_1                0x08000143   Thumb Code     0  libshutdown2.o(.ARM.Collect$$libshutdown$$00000004)
    __rt_lib_shutdown_user_alloc_1           0x08000143   Thumb Code     0  libshutdown2.o(.ARM.Collect$$libshutdown$$0000000C)
    __rt_entry                               0x08000145   Thumb Code     0  __rtentry.o(.ARM.Collect$$rtentry$$00000000)
    __rt_entry_presh_1                       0x08000145   Thumb Code     0  __rtentry2.o(.ARM.Collect$$rtentry$$00000002)
    __rt_entry_sh                            0x08000145   Thumb Code     0  __rtentry4.o(.ARM.Collect$$rtentry$$00000004)
    __rt_entry_li                            0x0800014b   Thumb Code     0  __rtentry2.o(.ARM.Collect$$rtentry$$0000000A)
    __rt_entry_postsh_1                      0x0800014b   Thumb Code     0  __rtentry2.o(.ARM.Collect$$rtentry$$00000009)
    __rt_entry_main                          0x0800014f   Thumb Code     0  __rtentry2.o(.ARM.Collect$$rtentry$$0000000D)
    __rt_entry_postli_1                      0x0800014f   Thumb Code     0  __rtentry2.o(.ARM.Collect$$rtentry$$0000000C)
    __rt_exit                                0x08000157   Thumb Code     0  rtexit.o(.ARM.Collect$$rtexit$$00000000)
    __rt_exit_ls                             0x08000159   Thumb Code     0  rtexit2.o(.ARM.Collect$$rtexit$$00000003)
    __rt_exit_prels_1                        0x08000159   Thumb Code     0  rtexit2.o(.ARM.Collect$$rtexit$$00000002)
    __rt_exit_exit                           0x0800015d   Thumb Code     0  rtexit2.o(.ARM.Collect$$rtexit$$00000004)
    Reset_Handler                            0x08000165   Thumb Code     8  startup_stm32g030xx.o(.text)
    NMI_Handler                              0x0800016d   Thumb Code     2  startup_stm32g030xx.o(.text)
    HardFault_Handler                        0x0800016f   Thumb Code     2  startup_stm32g030xx.o(.text)
    SVC_Handler                              0x08000171   Thumb Code     2  startup_stm32g030xx.o(.text)
    PendSV_Handler                           0x08000173   Thumb Code     2  startup_stm32g030xx.o(.text)
    SysTick_Handler                          0x08000175   Thumb Code     2  startup_stm32g030xx.o(.text)
    ADC1_IRQHandler                          0x08000177   Thumb Code     0  startup_stm32g030xx.o(.text)
    DMA1_Ch4_5_DMAMUX1_OVR_IRQHandler        0x08000177   Thumb Code     0  startup_stm32g030xx.o(.text)
    DMA1_Channel1_IRQHandler                 0x08000177   Thumb Code     0  startup_stm32g030xx.o(.text)
    DMA1_Channel2_3_IRQHandler               0x08000177   Thumb Code     0  startup_stm32g030xx.o(.text)
    EXTI0_1_IRQHandler                       0x08000177   Thumb Code     0  startup_stm32g030xx.o(.text)
    EXTI2_3_IRQHandler                       0x08000177   Thumb Code     0  startup_stm32g030xx.o(.text)
    EXTI4_15_IRQHandler                      0x08000177   Thumb Code     0  startup_stm32g030xx.o(.text)
    FLASH_IRQHandler                         0x08000177   Thumb Code     0  startup_stm32g030xx.o(.text)
    I2C1_IRQHandler                          0x08000177   Thumb Code     0  startup_stm32g030xx.o(.text)
    I2C2_IRQHandler                          0x08000177   Thumb Code     0  startup_stm32g030xx.o(.text)
    RCC_IRQHandler                           0x08000177   Thumb Code     0  startup_stm32g030xx.o(.text)
    RTC_TAMP_IRQHandler                      0x08000177   Thumb Code     0  startup_stm32g030xx.o(.text)
    SPI1_IRQHandler                          0x08000177   Thumb Code     0  startup_stm32g030xx.o(.text)
    SPI2_IRQHandler                          0x08000177   Thumb Code     0  startup_stm32g030xx.o(.text)
    TIM14_IRQHandler                         0x08000177   Thumb Code     0  startup_stm32g030xx.o(.text)
    TIM16_IRQHandler                         0x08000177   Thumb Code     0  startup_stm32g030xx.o(.text)
    TIM17_IRQHandler                         0x08000177   Thumb Code     0  startup_stm32g030xx.o(.text)
    TIM1_BRK_UP_TRG_COM_IRQHandler           0x08000177   Thumb Code     0  startup_stm32g030xx.o(.text)
    TIM1_CC_IRQHandler                       0x08000177   Thumb Code     0  startup_stm32g030xx.o(.text)
    TIM3_IRQHandler                          0x08000177   Thumb Code     0  startup_stm32g030xx.o(.text)
    USART1_IRQHandler                        0x08000177   Thumb Code     0  startup_stm32g030xx.o(.text)
    USART2_IRQHandler                        0x08000177   Thumb Code     0  startup_stm32g030xx.o(.text)
    WWDG_IRQHandler                          0x08000177   Thumb Code     0  startup_stm32g030xx.o(.text)
    __user_initial_stackheap                 0x08000179   Thumb Code     0  startup_stm32g030xx.o(.text)
    __aeabi_uidiv                            0x0800019d   Thumb Code     0  aeabi_sdiv.o(.text)
    __aeabi_uidivmod                         0x0800019d   Thumb Code    20  aeabi_sdiv.o(.text)
    __aeabi_idiv                             0x080001b1   Thumb Code     0  aeabi_sdiv.o(.text)
    __aeabi_idivmod                          0x080001b1   Thumb Code   338  aeabi_sdiv.o(.text)
    __use_two_region_memory                  0x08000309   Thumb Code     2  heapauxi.o(.text)
    __rt_heap_escrow$2region                 0x0800030b   Thumb Code     2  heapauxi.o(.text)
    __rt_heap_expand$2region                 0x0800030d   Thumb Code     2  heapauxi.o(.text)
    __user_setup_stackheap                   0x0800030f   Thumb Code    62  sys_stackheap_outer.o(.text)
    exit                                     0x0800034d   Thumb Code    16  exit.o(.text)
    __user_libspace                          0x0800035d   Thumb Code     8  libspace.o(.text)
    __user_perproc_libspace                  0x0800035d   Thumb Code     0  libspace.o(.text)
    __user_perthread_libspace                0x0800035d   Thumb Code     0  libspace.o(.text)
    _sys_exit                                0x08000365   Thumb Code     8  sys_exit.o(.text)
    __I$use$semihosting                      0x08000371   Thumb Code     0  use_no_semi.o(.text)
    __use_no_semihosting_swi                 0x08000371   Thumb Code     2  use_no_semi.o(.text)
    SoftI2C_Bit_Delay                        0x08000373   Thumb Code    32  soft_i2c.o(.text.SoftI2C_Bit_Delay)
    __semihosting_library_function           0x08000373   Thumb Code     0  indicate_semi.o(.text)
    SoftI2C_GPIO_Init                        0x08000395   Thumb Code    88  soft_i2c.o(.text.SoftI2C_GPIO_Init)
    SoftI2C_Get_Ack                          0x080003f5   Thumb Code    72  soft_i2c.o(.text.SoftI2C_Get_Ack)
    SoftI2C_Get_Slave_Address                0x0800043d   Thumb Code    88  soft_i2c.o(.text.SoftI2C_Get_Slave_Address)
    SoftI2C_Init                             0x08000495   Thumb Code    16  soft_i2c.o(.text.SoftI2C_Init)
    SoftI2C_SCL_Set_Output_State             0x080004a5   Thumb Code    44  soft_i2c.o(.text.SoftI2C_SCL_Set_Output_State)
    SoftI2C_SDA_Get_Mode                     0x080004d1   Thumb Code     8  soft_i2c.o(.text.SoftI2C_SDA_Get_Mode)
    SoftI2C_SDA_Get_State                    0x080004d9   Thumb Code    40  soft_i2c.o(.text.SoftI2C_SDA_Get_State)
    SoftI2C_SDA_Set_Mode                     0x08000505   Thumb Code    60  soft_i2c.o(.text.SoftI2C_SDA_Set_Mode)
    SoftI2C_SDA_Set_Output_State             0x08000545   Thumb Code    48  soft_i2c.o(.text.SoftI2C_SDA_Set_Output_State)
    SoftI2C_Send_Byte                        0x08000579   Thumb Code    40  soft_i2c.o(.text.SoftI2C_Send_Byte)
    SoftI2C_Send_Raw_Bit                     0x080005a1   Thumb Code   130  soft_i2c.o(.text.SoftI2C_Send_Raw_Bit)
    SoftI2C_Send_Raw_Byte                    0x08000623   Thumb Code    86  soft_i2c.o(.text.SoftI2C_Send_Raw_Byte)
    SoftI2C_Start                            0x08000679   Thumb Code    70  soft_i2c.o(.text.SoftI2C_Start)
    SoftI2C_Stop                             0x080006bf   Thumb Code    70  soft_i2c.o(.text.SoftI2C_Stop)
    SoftI2C_Struct_Init                      0x08000705   Thumb Code    16  soft_i2c.o(.text.SoftI2C_Struct_Init)
    SoftI2C_Write_Register                   0x08000715   Thumb Code    56  soft_i2c.o(.text.SoftI2C_Write_Register)
    SystemInit                               0x08000751   Thumb Code     2  system_stm32g0xx.o(.text.SystemInit)
    main                                     0x08000755   Thumb Code   100  main.o(.text.main)
    uart_Init                                0x080007c5   Thumb Code   136  serial.o(.text.uart_Init)
    uart_char                                0x0800086d   Thumb Code    36  serial.o(.text.uart_char)
    uart_send_char                           0x08000899   Thumb Code    36  serial.o(.text.uart_send_char)
    uart_send_num                            0x080008bd   Thumb Code   216  serial.o(.text.uart_send_num)
    Region$$Table$$Base                      0x080009b4   Number         0  anon$$obj.o(Region$$Table)
    Region$$Table$$Limit                     0x080009c4   Number         0  anon$$obj.o(Region$$Table)
    __libspace_start                         0x20000000   Data          96  libspace.o(.bss)
    SoftI2C                                  0x20000060   Data           5  soft_i2c.o(.bss.SoftI2C)
    __temporary_stack_top$libspace           0x20000060   Data           0  libspace.o(.bss)



==============================================================================

Memory Map of the image

  Image Entry point : 0x08000165

  Load Region LR_1 (Base: 0x08000000, Size: 0x000009c4, Max: 0xffffffff, ABSOLUTE)

    Execution Region ER_RO (Exec base: 0x08000000, Load base: 0x08000000, Size: 0x000009c4, Max: 0xffffffff, ABSOLUTE)

    Exec Addr    Load Addr    Size         Type   Attr      Idx    E Section Name        Object

    0x08000000   0x08000000   0x000000c0   Data   RO          136    RESET               startup_stm32g030xx.o
    0x080000c0   0x080000c0   0x00000008   Code   RO          167  * !!!main             c_p.l(__main.o)
    0x080000c8   0x080000c8   0x00000054   Code   RO          355    !!!scatter          c_p.l(__scatter.o)
    0x0800011c   0x0800011c   0x00000002   Code   RO          356    !!handler_null      c_p.l(__scatter.o)
    0x0800011e   0x0800011e   0x00000002   PAD
    0x08000120   0x08000120   0x0000001c   Code   RO          359    !!handler_zi        c_p.l(__scatter_zi.o)
    0x0800013c   0x0800013c   0x00000002   Code   RO          216    .ARM.Collect$$libinit$$00000000  c_p.l(libinit.o)
    0x0800013e   0x0800013e   0x00000000   Code   RO          230    .ARM.Collect$$libinit$$00000002  c_p.l(libinit2.o)
    0x0800013e   0x0800013e   0x00000000   Code   RO          232    .ARM.Collect$$libinit$$00000004  c_p.l(libinit2.o)
    0x0800013e   0x0800013e   0x00000000   Code   RO          234    .ARM.Collect$$libinit$$00000006  c_p.l(libinit2.o)
    0x0800013e   0x0800013e   0x00000000   Code   RO          237    .ARM.Collect$$libinit$$0000000C  c_p.l(libinit2.o)
    0x0800013e   0x0800013e   0x00000000   Code   RO          239    .ARM.Collect$$libinit$$0000000E  c_p.l(libinit2.o)
    0x0800013e   0x0800013e   0x00000000   Code   RO          241    .ARM.Collect$$libinit$$00000010  c_p.l(libinit2.o)
    0x0800013e   0x0800013e   0x00000000   Code   RO          244    .ARM.Collect$$libinit$$00000013  c_p.l(libinit2.o)
    0x0800013e   0x0800013e   0x00000000   Code   RO          246    .ARM.Collect$$libinit$$00000015  c_p.l(libinit2.o)
    0x0800013e   0x0800013e   0x00000000   Code   RO          248    .ARM.Collect$$libinit$$00000017  c_p.l(libinit2.o)
    0x0800013e   0x0800013e   0x00000000   Code   RO          250    .ARM.Collect$$libinit$$00000019  c_p.l(libinit2.o)
    0x0800013e   0x0800013e   0x00000000   Code   RO          252    .ARM.Collect$$libinit$$0000001B  c_p.l(libinit2.o)
    0x0800013e   0x0800013e   0x00000000   Code   RO          254    .ARM.Collect$$libinit$$0000001D  c_p.l(libinit2.o)
    0x0800013e   0x0800013e   0x00000000   Code   RO          256    .ARM.Collect$$libinit$$0000001F  c_p.l(libinit2.o)
    0x0800013e   0x0800013e   0x00000000   Code   RO          258    .ARM.Collect$$libinit$$00000021  c_p.l(libinit2.o)
    0x0800013e   0x0800013e   0x00000000   Code   RO          260    .ARM.Collect$$libinit$$00000023  c_p.l(libinit2.o)
    0x0800013e   0x0800013e   0x00000000   Code   RO          262    .ARM.Collect$$libinit$$00000025  c_p.l(libinit2.o)
    0x0800013e   0x0800013e   0x00000000   Code   RO          264    .ARM.Collect$$libinit$$00000027  c_p.l(libinit2.o)
    0x0800013e   0x0800013e   0x00000000   Code   RO          268    .ARM.Collect$$libinit$$0000002E  c_p.l(libinit2.o)
    0x0800013e   0x0800013e   0x00000000   Code   RO          270    .ARM.Collect$$libinit$$00000030  c_p.l(libinit2.o)
    0x0800013e   0x0800013e   0x00000000   Code   RO          272    .ARM.Collect$$libinit$$00000032  c_p.l(libinit2.o)
    0x0800013e   0x0800013e   0x00000000   Code   RO          274    .ARM.Collect$$libinit$$00000034  c_p.l(libinit2.o)
    0x0800013e   0x0800013e   0x00000002   Code   RO          275    .ARM.Collect$$libinit$$00000035  c_p.l(libinit2.o)
    0x08000140   0x08000140   0x00000002   Code   RO          310    .ARM.Collect$$libshutdown$$00000000  c_p.l(libshutdown.o)
    0x08000142   0x08000142   0x00000000   Code   RO          338    .ARM.Collect$$libshutdown$$00000002  c_p.l(libshutdown2.o)
    0x08000142   0x08000142   0x00000000   Code   RO          340    .ARM.Collect$$libshutdown$$00000004  c_p.l(libshutdown2.o)
    0x08000142   0x08000142   0x00000000   Code   RO          343    .ARM.Collect$$libshutdown$$00000007  c_p.l(libshutdown2.o)
    0x08000142   0x08000142   0x00000000   Code   RO          346    .ARM.Collect$$libshutdown$$0000000A  c_p.l(libshutdown2.o)
    0x08000142   0x08000142   0x00000000   Code   RO          348    .ARM.Collect$$libshutdown$$0000000C  c_p.l(libshutdown2.o)
    0x08000142   0x08000142   0x00000000   Code   RO          351    .ARM.Collect$$libshutdown$$0000000F  c_p.l(libshutdown2.o)
    0x08000142   0x08000142   0x00000002   Code   RO          352    .ARM.Collect$$libshutdown$$00000010  c_p.l(libshutdown2.o)
    0x08000144   0x08000144   0x00000000   Code   RO          173    .ARM.Collect$$rtentry$$00000000  c_p.l(__rtentry.o)
    0x08000144   0x08000144   0x00000000   Code   RO          186    .ARM.Collect$$rtentry$$00000002  c_p.l(__rtentry2.o)
    0x08000144   0x08000144   0x00000006   Code   RO          198    .ARM.Collect$$rtentry$$00000004  c_p.l(__rtentry4.o)
    0x0800014a   0x0800014a   0x00000000   Code   RO          188    .ARM.Collect$$rtentry$$00000009  c_p.l(__rtentry2.o)
    0x0800014a   0x0800014a   0x00000004   Code   RO          189    .ARM.Collect$$rtentry$$0000000A  c_p.l(__rtentry2.o)
    0x0800014e   0x0800014e   0x00000000   Code   RO          191    .ARM.Collect$$rtentry$$0000000C  c_p.l(__rtentry2.o)
    0x0800014e   0x0800014e   0x00000008   Code   RO          192    .ARM.Collect$$rtentry$$0000000D  c_p.l(__rtentry2.o)
    0x08000156   0x08000156   0x00000002   Code   RO          221    .ARM.Collect$$rtexit$$00000000  c_p.l(rtexit.o)
    0x08000158   0x08000158   0x00000000   Code   RO          281    .ARM.Collect$$rtexit$$00000002  c_p.l(rtexit2.o)
    0x08000158   0x08000158   0x00000004   Code   RO          282    .ARM.Collect$$rtexit$$00000003  c_p.l(rtexit2.o)
    0x0800015c   0x0800015c   0x00000006   Code   RO          283    .ARM.Collect$$rtexit$$00000004  c_p.l(rtexit2.o)
    0x08000162   0x08000162   0x00000002   PAD
    0x08000164   0x08000164   0x00000038   Code   RO          137  * .text               startup_stm32g030xx.o
    0x0800019c   0x0800019c   0x0000016c   Code   RO          161    .text               c_p.l(aeabi_sdiv.o)
    0x08000308   0x08000308   0x00000006   Code   RO          165    .text               c_p.l(heapauxi.o)
    0x0800030e   0x0800030e   0x0000003e   Code   RO          202    .text               c_p.l(sys_stackheap_outer.o)
    0x0800034c   0x0800034c   0x00000010   Code   RO          205    .text               c_p.l(exit.o)
    0x0800035c   0x0800035c   0x00000008   Code   RO          217    .text               c_p.l(libspace.o)
    0x08000364   0x08000364   0x0000000c   Code   RO          276    .text               c_p.l(sys_exit.o)
    0x08000370   0x08000370   0x00000002   Code   RO          299    .text               c_p.l(use_no_semi.o)
    0x08000372   0x08000372   0x00000000   Code   RO          301    .text               c_p.l(indicate_semi.o)
    0x08000372   0x08000372   0x00000020   Code   RO           73    .text.SoftI2C_Bit_Delay  soft_i2c.o
    0x08000392   0x08000392   0x00000002   PAD
    0x08000394   0x08000394   0x00000060   Code   RO           61    .text.SoftI2C_GPIO_Init  soft_i2c.o
    0x080003f4   0x080003f4   0x00000048   Code   RO           79    .text.SoftI2C_Get_Ack  soft_i2c.o
    0x0800043c   0x0800043c   0x00000058   Code   RO           97    .text.SoftI2C_Get_Slave_Address  soft_i2c.o
    0x08000494   0x08000494   0x00000010   Code   RO           99    .text.SoftI2C_Init  soft_i2c.o
    0x080004a4   0x080004a4   0x0000002c   Code   RO           67    .text.SoftI2C_SCL_Set_Output_State  soft_i2c.o
    0x080004d0   0x080004d0   0x00000008   Code   RO           65    .text.SoftI2C_SDA_Get_Mode  soft_i2c.o
    0x080004d8   0x080004d8   0x0000002c   Code   RO           71    .text.SoftI2C_SDA_Get_State  soft_i2c.o
    0x08000504   0x08000504   0x00000040   Code   RO           63    .text.SoftI2C_SDA_Set_Mode  soft_i2c.o
    0x08000544   0x08000544   0x00000034   Code   RO           69    .text.SoftI2C_SDA_Set_Output_State  soft_i2c.o
    0x08000578   0x08000578   0x00000028   Code   RO           89    .text.SoftI2C_Send_Byte  soft_i2c.o
    0x080005a0   0x080005a0   0x00000082   Code   RO           85    .text.SoftI2C_Send_Raw_Bit  soft_i2c.o
    0x08000622   0x08000622   0x00000056   Code   RO           87    .text.SoftI2C_Send_Raw_Byte  soft_i2c.o
    0x08000678   0x08000678   0x00000046   Code   RO           75    .text.SoftI2C_Start  soft_i2c.o
    0x080006be   0x080006be   0x00000046   Code   RO           77    .text.SoftI2C_Stop  soft_i2c.o
    0x08000704   0x08000704   0x00000010   Code   RO           59    .text.SoftI2C_Struct_Init  soft_i2c.o
    0x08000714   0x08000714   0x0000003c   Code   RO           95    .text.SoftI2C_Write_Register  soft_i2c.o
    0x08000750   0x08000750   0x00000002   Code   RO          144    .text.SystemInit    system_stm32g0xx.o
    0x08000752   0x08000752   0x00000002   PAD
    0x08000754   0x08000754   0x00000070   Code   RO           46    .text.main          main.o
    0x080007c4   0x080007c4   0x000000a8   Code   RO          109    .text.uart_Init     serial.o
    0x0800086c   0x0800086c   0x0000002c   Code   RO          111    .text.uart_char     serial.o
    0x08000898   0x08000898   0x00000024   Code   RO          113    .text.uart_send_char  serial.o
    0x080008bc   0x080008bc   0x000000e4   Code   RO          115    .text.uart_send_num  serial.o
    0x080009a0   0x080009a0   0x00000012   Data   RO           50    .rodata.str1.1      main.o
    0x080009b2   0x080009b2   0x00000002   PAD
    0x080009b4   0x080009b4   0x00000010   Data   RO          354    Region$$Table       anon$$obj.o


    Execution Region ER_RW (Exec base: 0x20000000, Load base: 0x080009c4, Size: 0x00000000, Max: 0xffffffff, ABSOLUTE)

    **** No section assigned to this execution region ****


    Execution Region ER_ZI (Exec base: 0x20000000, Load base: 0x080009c4, Size: 0x00000668, Max: 0xffffffff, ABSOLUTE)

    Exec Addr    Load Addr    Size         Type   Attr      Idx    E Section Name        Object

    0x20000000        -       0x00000060   Zero   RW          218    .bss                c_p.l(libspace.o)
    0x20000060        -       0x00000005   Zero   RW          101    .bss.SoftI2C        soft_i2c.o
    0x20000065   0x080009c4   0x00000003   PAD
    0x20000068        -       0x00000200   Zero   RW          135    HEAP                startup_stm32g030xx.o
    0x20000268        -       0x00000400   Zero   RW          134    STACK               startup_stm32g030xx.o


==============================================================================

Image component sizes


      Code (inc. data)   RO Data    RW Data    ZI Data      Debug   Object Name

       112         12         18          0          0       6063   main.o
       476         52          0          0          0       4153   serial.o
       988         24          0          0          5       5035   soft_i2c.o
        56         26        192          0       1536        664   startup_stm32g030xx.o
         2          0          0          0          0       1956   system_stm32g0xx.o

    ----------------------------------------------------------------------
      1638        114        228          0       1544      17871   Object Totals
         0          0         16          0          0          0   (incl. Generated)
         4          0          2          0          3          0   (incl. Padding)

    ----------------------------------------------------------------------

      Code (inc. data)   RO Data    RW Data    ZI Data      Debug   Library Member Name

         8          0          0          0          0         68   __main.o
         0          0          0          0          0          0   __rtentry.o
        12          0          0          0          0          0   __rtentry2.o
         6          0          0          0          0          0   __rtentry4.o
        86         10          0          0          0          0   __scatter.o
        28          0          0          0          0          0   __scatter_zi.o
       364          4          0          0          0         92   aeabi_sdiv.o
        16          0          0          0          0         68   exit.o
         6          0          0          0          0        136   heapauxi.o
         0          0          0          0          0          0   indicate_semi.o
         2          0          0          0          0          0   libinit.o
         2          0          0          0          0          0   libinit2.o
         2          0          0          0          0          0   libshutdown.o
         2          0          0          0          0          0   libshutdown2.o
         8          4          0          0         96         68   libspace.o
         2          0          0          0          0          0   rtexit.o
        10          0          0          0          0          0   rtexit2.o
        12          4          0          0          0         60   sys_exit.o
        62          0          0          0          0         80   sys_stackheap_outer.o
         2          0          0          0          0         68   use_no_semi.o

    ----------------------------------------------------------------------
       634         22          0          0         96        640   Library Totals
         4          0          0          0          0          0   (incl. Padding)

    ----------------------------------------------------------------------

      Code (inc. data)   RO Data    RW Data    ZI Data      Debug   Library Name

       630         22          0          0         96        640   c_p.l

    ----------------------------------------------------------------------
       634         22          0          0         96        640   Library Totals

    ----------------------------------------------------------------------

==============================================================================


      Code (inc. data)   RO Data    RW Data    ZI Data      Debug   

      2272        136        228          0       1640      18307   Grand Totals
      2272        136        228          0       1640      18307   ELF Image Totals
      2272        136        228          0          0          0   ROM Totals

==============================================================================

    Total RO  Size (Code + RO Data)                 2500 (   2.44kB)
    Total RW  Size (RW Data + ZI Data)              1640 (   1.60kB)
    Total ROM Size (Code + RO Data + RW Data)       2500 (   2.44kB)

==============================================================================

